Component: ARM Compiler 5.06 update 7 (build 960) Tool: armlink [4d3601]

==============================================================================

Section Cross References

    startup_stm32f407xx.o(STACK) refers (Special) to heapauxi.o(.text) for __use_two_region_memory
    startup_stm32f407xx.o(HEAP) refers (Special) to heapauxi.o(.text) for __use_two_region_memory
    startup_stm32f407xx.o(RESET) refers (Special) to heapauxi.o(.text) for __use_two_region_memory
    startup_stm32f407xx.o(RESET) refers to startup_stm32f407xx.o(STACK) for __initial_sp
    startup_stm32f407xx.o(RESET) refers to startup_stm32f407xx.o(.text) for Reset_Handler
    startup_stm32f407xx.o(RESET) refers to stm32f4xx_it.o(i.NMI_Handler) for NMI_Handler
    startup_stm32f407xx.o(RESET) refers to stm32f4xx_it.o(i.HardFault_Handler) for HardFault_Handler
    startup_stm32f407xx.o(RESET) refers to stm32f4xx_it.o(i.MemManage_Handler) for MemManage_Handler
    startup_stm32f407xx.o(RESET) refers to stm32f4xx_it.o(i.BusFault_Handler) for BusFault_Handler
    startup_stm32f407xx.o(RESET) refers to stm32f4xx_it.o(i.UsageFault_Handler) for UsageFault_Handler
    startup_stm32f407xx.o(RESET) refers to stm32f4xx_it.o(i.SVC_Handler) for SVC_Handler
    startup_stm32f407xx.o(RESET) refers to stm32f4xx_it.o(i.DebugMon_Handler) for DebugMon_Handler
    startup_stm32f407xx.o(RESET) refers to stm32f4xx_it.o(i.PendSV_Handler) for PendSV_Handler
    startup_stm32f407xx.o(RESET) refers to stm32f4xx_it.o(i.SysTick_Handler) for SysTick_Handler
    startup_stm32f407xx.o(RESET) refers to stm32f4xx_it.o(i.EXTI3_IRQHandler) for EXTI3_IRQHandler
    startup_stm32f407xx.o(RESET) refers to stm32f4xx_it.o(i.USART1_IRQHandler) for USART1_IRQHandler
    startup_stm32f407xx.o(RESET) refers to stm32f4xx_it.o(i.DMA2_Stream2_IRQHandler) for DMA2_Stream2_IRQHandler
    startup_stm32f407xx.o(.text) refers (Special) to heapauxi.o(.text) for __use_two_region_memory
    startup_stm32f407xx.o(.text) refers to system_stm32f4xx.o(i.SystemInit) for SystemInit
    startup_stm32f407xx.o(.text) refers to __main.o(!!!main) for __main
    startup_stm32f407xx.o(.text) refers to startup_stm32f407xx.o(HEAP) for Heap_Mem
    startup_stm32f407xx.o(.text) refers to startup_stm32f407xx.o(STACK) for Stack_Mem
    main.o(i.SystemClock_Config) refers to rt_memclr_w.o(.text) for __aeabi_memclr4
    main.o(i.SystemClock_Config) refers to stm32f4xx_hal_rcc.o(i.HAL_RCC_OscConfig) for HAL_RCC_OscConfig
    main.o(i.SystemClock_Config) refers to stm32f4xx_hal_rcc.o(i.HAL_RCC_ClockConfig) for HAL_RCC_ClockConfig
    main.o(i.main) refers to stm32f4xx_hal.o(i.HAL_Init) for HAL_Init
    main.o(i.main) refers to main.o(i.SystemClock_Config) for SystemClock_Config
    main.o(i.main) refers to gpio.o(i.MX_GPIO_Init) for MX_GPIO_Init
    main.o(i.main) refers to dma.o(i.MX_DMA_Init) for MX_DMA_Init
    main.o(i.main) refers to usart.o(i.MX_USART1_UART_Init) for MX_USART1_UART_Init
    main.o(i.main) refers to usart.o(i.MX_USART3_UART_Init) for MX_USART3_UART_Init
    main.o(i.main) refers to tim.o(i.MX_TIM1_Init) for MX_TIM1_Init
    main.o(i.main) refers to app_proccess.o(i.Debug_printf) for Debug_printf
    main.o(i.main) refers to stm32f4xx_hal_gpio.o(i.HAL_GPIO_WritePin) for HAL_GPIO_WritePin
    main.o(i.main) refers to bsp_ad7606.o(i.AD7606_Init) for AD7606_Init
    main.o(i.main) refers to app_proccess.o(i.HMI_Process_Init) for HMI_Process_Init
    main.o(i.main) refers to stm32f4xx_hal.o(i.HAL_Delay) for HAL_Delay
    main.o(i.main) refers to app_proccess.o(i.App_Main_Process_Poll) for App_Main_Process_Poll
    gpio.o(i.MX_GPIO_Init) refers to rt_memclr_w.o(.text) for __aeabi_memclr4
    gpio.o(i.MX_GPIO_Init) refers to stm32f4xx_hal_gpio.o(i.HAL_GPIO_WritePin) for HAL_GPIO_WritePin
    gpio.o(i.MX_GPIO_Init) refers to stm32f4xx_hal_gpio.o(i.HAL_GPIO_Init) for HAL_GPIO_Init
    gpio.o(i.MX_GPIO_Init) refers to stm32f4xx_hal_cortex.o(i.HAL_NVIC_SetPriority) for HAL_NVIC_SetPriority
    gpio.o(i.MX_GPIO_Init) refers to stm32f4xx_hal_cortex.o(i.HAL_NVIC_EnableIRQ) for HAL_NVIC_EnableIRQ
    dma.o(i.MX_DMA_Init) refers to stm32f4xx_hal_cortex.o(i.HAL_NVIC_SetPriority) for HAL_NVIC_SetPriority
    dma.o(i.MX_DMA_Init) refers to stm32f4xx_hal_cortex.o(i.HAL_NVIC_EnableIRQ) for HAL_NVIC_EnableIRQ
    tim.o(i.HAL_TIM_MspPostInit) refers to rt_memclr_w.o(.text) for __aeabi_memclr4
    tim.o(i.HAL_TIM_MspPostInit) refers to stm32f4xx_hal_gpio.o(i.HAL_GPIO_Init) for HAL_GPIO_Init
    tim.o(i.MX_TIM1_Init) refers to rt_memclr_w.o(.text) for __aeabi_memclr4
    tim.o(i.MX_TIM1_Init) refers to stm32f4xx_hal_tim.o(i.HAL_TIM_Base_Init) for HAL_TIM_Base_Init
    tim.o(i.MX_TIM1_Init) refers to main.o(i.Error_Handler) for Error_Handler
    tim.o(i.MX_TIM1_Init) refers to stm32f4xx_hal_tim.o(i.HAL_TIM_ConfigClockSource) for HAL_TIM_ConfigClockSource
    tim.o(i.MX_TIM1_Init) refers to stm32f4xx_hal_tim.o(i.HAL_TIM_PWM_Init) for HAL_TIM_PWM_Init
[...]
    i.HAL_NVIC_SetPriority                   0x080025d0   Section        0  stm32f4xx_hal_cortex.o(i.HAL_NVIC_SetPriority)
    i.HAL_NVIC_SetPriorityGrouping           0x08002610   Section        0  stm32f4xx_hal_cortex.o(i.HAL_NVIC_SetPriorityGrouping)
    i.HAL_RCC_ClockConfig                    0x08002634   Section        0  stm32f4xx_hal_rcc.o(i.HAL_RCC_ClockConfig)
    i.HAL_RCC_GetPCLK1Freq                   0x08002768   Section        0  stm32f4xx_hal_rcc.o(i.HAL_RCC_GetPCLK1Freq)
    i.HAL_RCC_GetPCLK2Freq                   0x08002788   Section        0  stm32f4xx_hal_rcc.o(i.HAL_RCC_GetPCLK2Freq)
    i.HAL_RCC_GetSysClockFreq                0x080027a8   Section        0  stm32f4xx_hal_rcc.o(i.HAL_RCC_GetSysClockFreq)
    i.HAL_RCC_OscConfig                      0x0800280c   Section        0  stm32f4xx_hal_rcc.o(i.HAL_RCC_OscConfig)
    i.HAL_SYSTICK_Config                     0x08002b78   Section        0  stm32f4xx_hal_cortex.o(i.HAL_SYSTICK_Config)
    i.HAL_TIMEx_ConfigBreakDeadTime          0x08002ba0   Section        0  stm32f4xx_hal_tim_ex.o(i.HAL_TIMEx_ConfigBreakDeadTime)
    i.HAL_TIMEx_MasterConfigSynchronization  0x08002bf4   Section        0  stm32f4xx_hal_tim_ex.o(i.HAL_TIMEx_MasterConfigSynchronization)
    i.HAL_TIM_Base_Init                      0x08002c84   Section        0  stm32f4xx_hal_tim.o(i.HAL_TIM_Base_Init)
    i.HAL_TIM_Base_MspInit                   0x08002ce0   Section        0  tim.o(i.HAL_TIM_Base_MspInit)
    i.HAL_TIM_ConfigClockSource              0x08002d08   Section        0  stm32f4xx_hal_tim.o(i.HAL_TIM_ConfigClockSource)
    i.HAL_TIM_MspPostInit                    0x08002de4   Section        0  tim.o(i.HAL_TIM_MspPostInit)
    i.HAL_TIM_PWM_ConfigChannel              0x08002e60   Section        0  stm32f4xx_hal_tim.o(i.HAL_TIM_PWM_ConfigChannel)
    i.HAL_TIM_PWM_Init                       0x08002f2c   Section        0  stm32f4xx_hal_tim.o(i.HAL_TIM_PWM_Init)
    i.HAL_TIM_PWM_MspInit                    0x08002f86   Section        0  stm32f4xx_hal_tim.o(i.HAL_TIM_PWM_MspInit)
    i.HAL_TIM_PWM_Start                      0x08002f88   Section        0  stm32f4xx_hal_tim.o(i.HAL_TIM_PWM_Start)
    i.HAL_UARTEx_RxEventCallback             0x08003050   Section        0  stm32f4xx_hal_uart.o(i.HAL_UARTEx_RxEventCallback)
    i.HAL_UART_ErrorCallback                 0x08003052   Section        0  stm32f4xx_hal_uart.o(i.HAL_UART_ErrorCallback)
    i.HAL_UART_IRQHandler                    0x08003054   Section        0  stm32f4xx_hal_uart.o(i.HAL_UART_IRQHandler)
    i.HAL_UART_Init                          0x080032d4   Section        0  stm32f4xx_hal_uart.o(i.HAL_UART_Init)
    i.HAL_UART_MspInit                       0x08003338   Section        0  usart.o(i.HAL_UART_MspInit)
    i.HAL_UART_Receive_IT                    0x0800342c   Section        0  stm32f4xx_hal_uart.o(i.HAL_UART_Receive_IT)
    i.HAL_UART_RxCpltCallback                0x08003448   Section        0  stm32f4xx_hal_uart.o(i.HAL_UART_RxCpltCallback)
    i.HAL_UART_Transmit                      0x0800344a   Section        0  stm32f4xx_hal_uart.o(i.HAL_UART_Transmit)
    i.HAL_UART_TxCpltCallback                0x080034ea   Section        0  stm32f4xx_hal_uart.o(i.HAL_UART_TxCpltCallback)
    i.HMI_Process_Init                       0x080034ec   Section        0  app_proccess.o(i.HMI_Process_Init)
    i.HMI_Send_Cmd                           0x08003500   Section        0  app_proccess.o(i.HMI_Send_Cmd)
    i.HMI_Update_FloatText                   0x08003530   Section        0  app_proccess.o(i.HMI_Update_FloatText)
    HMI_Update_FloatText                     0x08003531   Thumb Code    42  app_proccess.o(i.HMI_Update_FloatText)
    i.HardFault_Handler                      0x08003570   Section        0  stm32f4xx_it.o(i.HardFault_Handler)
    i.MX_DMA_Init                            0x08003574   Section        0  dma.o(i.MX_DMA_Init)
    i.MX_GPIO_Init                           0x080035a0   Section        0  gpio.o(i.MX_GPIO_Init)
    i.MX_TIM1_Init                           0x080036d4   Section        0  tim.o(i.MX_TIM1_Init)
    i.MX_USART1_UART_Init                    0x080037b0   Section        0  usart.o(i.MX_USART1_UART_Init)
    i.MX_USART3_UART_Init                    0x080037e8   Section        0  usart.o(i.MX_USART3_UART_Init)
    i.MemManage_Handler                      0x08003820   Section        0  stm32f4xx_it.o(i.MemManage_Handler)
    i.NMI_Handler                            0x08003822   Section        0  stm32f4xx_it.o(i.NMI_Handler)
    i.PendSV_Handler                         0x08003824   Section        0  stm32f4xx_it.o(i.PendSV_Handler)
    i.SVC_Handler                            0x08003826   Section        0  stm32f4xx_it.o(i.SVC_Handler)
    i.SysTick_Handler                        0x08003828   Section        0  stm32f4xx_it.o(i.SysTick_Handler)
    i.SystemClock_Config                     0x0800382c   Section        0  main.o(i.SystemClock_Config)
    i.SystemInit                             0x080038c0   Section        0  system_stm32f4xx.o(i.SystemInit)
    i.TIM_Base_SetConfig                     0x080038d0   Section        0  stm32f4xx_hal_tim.o(i.TIM_Base_SetConfig)
    i.TIM_CCxChannelCmd                      0x080039a0   Section        0  stm32f4xx_hal_tim.o(i.TIM_CCxChannelCmd)
    i.TIM_ETR_SetConfig                      0x080039ba   Section        0  stm32f4xx_hal_tim.o(i.TIM_ETR_SetConfig)
    i.TIM_ITRx_SetConfig                     0x080039ce   Section        0  stm32f4xx_hal_tim.o(i.TIM_ITRx_SetConfig)
    TIM_ITRx_SetConfig                       0x080039cf   Thumb Code    16  stm32f4xx_hal_tim.o(i.TIM_ITRx_SetConfig)
    i.TIM_OC1_SetConfig                      0x080039e0   Section        0  stm32f4xx_hal_tim.o(i.TIM_OC1_SetConfig)
    TIM_OC1_SetConfig                        0x080039e1   Thumb Code    88  stm32f4xx_hal_tim.o(i.TIM_OC1_SetConfig)
    i.TIM_OC2_SetConfig                      0x08003a40   Section        0  stm32f4xx_hal_tim.o(i.TIM_OC2_SetConfig)
    i.TIM_OC3_SetConfig                      0x08003aac   Section        0  stm32f4xx_hal_tim.o(i.TIM_OC3_SetConfig)
    TIM_OC3_SetConfig                        0x08003aad   Thumb Code    96  stm32f4xx_hal_tim.o(i.TIM_OC3_SetConfig)
    i.TIM_OC4_SetConfig                      0x08003b14   Section        0  stm32f4xx_hal_tim.o(i.TIM_OC4_SetConfig)
    TIM_OC4_SetConfig                        0x08003b15   Thumb Code    70  stm32f4xx_hal_tim.o(i.TIM_OC4_SetConfig)
    i.TIM_TI1_ConfigInputStage               0x08003b64   Section        0  stm32f4xx_hal_tim.o(i.TIM_TI1_ConfigInputStage)
    TIM_TI1_ConfigInputStage                 0x08003b65   Thumb Code    34  stm32f4xx_hal_tim.o(i.TIM_TI1_ConfigInputStage)
    i.TIM_TI2_ConfigInputStage               0x08003b86   Section        0  stm32f4xx_hal_tim.o(i.TIM_TI2_ConfigInputStage)
    TIM_TI2_ConfigInputStage                 0x08003b87   Thumb Code    36  stm32f4xx_hal_tim.o(i.TIM_TI2_ConfigInputStage)
    i.Task_HMI_Display_Update                0x08003bac   Section        0  app_proccess.o(i.Task_HMI_Display_Update)
    Task_HMI_Display_Update                  0x08003bad   Thumb Code   106  app_proccess.o(i.Task_HMI_Display_Update)
    i.UART_DMAAbortOnError                   0x08003c84   Section        0  stm32f4xx_hal_uart.o(i.UART_DMAAbortOnError)
    UART_DMAAbortOnError                     0x08003c85   Thumb Code    14  stm32f4xx_hal_uart.o(i.UART_DMAAbortOnError)
    i.UART_EndRxTransfer                     0x08003c92   Section        0  stm32f4xx_hal_uart.o(i.UART_EndRxTransfer)
    UART_EndRxTransfer                       0x08003c93   Thumb Code    78  stm32f4xx_hal_uart.o(i.UART_EndRxTransfer)
    i.UART_Receive_IT                        0x08003ce0   Section        0  stm32f4xx_hal_uart.o(i.UART_Receive_IT)
    UART_Receive_IT                          0x08003ce1   Thumb Code   194  stm32f4xx_hal_uart.o(i.UART_Receive_IT)
    i.UART_SetConfig                         0x08003da4   Section        0  stm32f4xx_hal_uart.o(i.UART_SetConfig)
    UART_SetConfig                           0x08003da5   Thumb Code   258  stm32f4xx_hal_uart.o(i.UART_SetConfig)
    i.UART_Start_Receive_IT                  0x08003eb0   Section        0  stm32f4xx_hal_uart.o(i.UART_Start_Receive_IT)
    i.UART_WaitOnFlagUntilTimeout            0x08003ee6   Section        0  stm32f4xx_hal_uart.o(i.UART_WaitOnFlagUntilTimeout)
    UART_WaitOnFlagUntilTimeout              0x08003ee7   Thumb Code   114  stm32f4xx_hal_uart.o(i.UART_WaitOnFlagUntilTimeout)
    i.USART1_IRQHandler                      0x08003f58   Section        0  stm32f4xx_it.o(i.USART1_IRQHandler)
    i.UsageFault_Handler                     0x08003f64   Section        0  stm32f4xx_it.o(i.UsageFault_Handler)
    i.__ARM_fpclassify                       0x08003f66   Section        0  fpclassify.o(i.__ARM_fpclassify)
    i.__NVIC_SetPriority                     0x08003f96   Section        0  stm32f4xx_hal_cortex.o(i.__NVIC_SetPriority)
    __NVIC_SetPriority                       0x08003f97   Thumb Code    32  stm32f4xx_hal_cortex.o(i.__NVIC_SetPriority)
    i._is_digit                              0x08003fb6   Section        0  __printf_wp.o(i._is_digit)
    i.main                                   0x08003fc4   Section        0  main.o(i.main)
    locale$$code                             0x08004058   Section       44  lc_numeric_c.o(locale$$code)
    locale$$code                             0x08004084   Section       44  lc_ctype_c.o(locale$$code)
    x$fpl$dretinf                            0x080040b0   Section       12  dretinf.o(x$fpl$dretinf)
    $v0                                      0x080040b0   Number         0  dretinf.o(x$fpl$dretinf)
    x$fpl$f2d                                0x080040bc   Section       86  f2d.o(x$fpl$f2d)
    $v0                                      0x080040bc   Number         0  f2d.o(x$fpl$f2d)
    x$fpl$fnaninf                            0x08004112   Section      140  fnaninf.o(x$fpl$fnaninf)
    $v0                                      0x08004112   Number         0  fnaninf.o(x$fpl$fnaninf)
    x$fpl$fpinit                             0x0800419e   Section       10  fpinit.o(x$fpl$fpinit)
    $v0                                      0x0800419e   Number         0  fpinit.o(x$fpl$fpinit)
    x$fpl$printf1                            0x080041a8   Section        4  printf1.o(x$fpl$printf1)
    $v0                                      0x080041a8   Number         0  printf1.o(x$fpl$printf1)
    x$fpl$printf2                            0x080041ac   Section        4  printf2.o(x$fpl$printf2)
    $v0                                      0x080041ac   Number         0  printf2.o(x$fpl$printf2)
    .constdata                               0x080041b0   Section        8  stm32f4xx_hal_dma.o(.constdata)
    x$fpl$usenofp                            0x080041b0   Section        0  usenofp.o(x$fpl$usenofp)
    flagBitshiftOffset                       0x080041b0   Data           8  stm32f4xx_hal_dma.o(.constdata)
    .constdata                               0x080041b8   Section       16  system_stm32f4xx.o(.constdata)
    .constdata                               0x080041c8   Section        8  system_stm32f4xx.o(.constdata)
    .constdata                               0x080041d0   Section       17  __printf_flags_ss_wp.o(.constdata)
    maptable                                 0x080041d0   Data          17  __printf_flags_ss_wp.o(.constdata)
    .constdata                               0x080041e4   Section        8  _printf_wctomb.o(.constdata)
    initial_mbstate                          0x080041e4   Data           8  _printf_wctomb.o(.constdata)
    .constdata                               0x080041ec   Section       40  _printf_hex_int_ll_ptr.o(.constdata)
    uc_hextab                                0x080041ec   Data          20  _printf_hex_int_ll_ptr.o(.constdata)
    lc_hextab                                0x08004200   Data          20  _printf_hex_int_ll_ptr.o(.constdata)
    .constdata                               0x08004214   Section       38  _printf_fp_hex.o(.constdata)
    lc_hextab                                0x08004214   Data          19  _printf_fp_hex.o(.constdata)
    uc_hextab                                0x08004227   Data          19  _printf_fp_hex.o(.constdata)
    .constdata                               0x0800423c   Section      148  bigflt0.o(.constdata)
    tenpwrs_x                                0x0800423c   Data          60  bigflt0.o(.constdata)
    tenpwrs_i                                0x08004278   Data          64  bigflt0.o(.constdata)
    locale$$data                             0x080042f0   Section       28  lc_numeric_c.o(locale$$data)
    __lcnum_c_name                           0x080042f4   Data           2  lc_numeric_c.o(locale$$data)
    __lcnum_c_start                          0x080042fc   Data           0  lc_numeric_c.o(locale$$data)
    __lcnum_c_point                          0x08004308   Data           0  lc_numeric_c.o(locale$$data)
    __lcnum_c_thousands                      0x0800430a   Data           0  lc_numeric_c.o(locale$$data)
    __lcnum_c_grouping                       0x0800430b   Data           0  lc_numeric_c.o(locale$$data)
    locale$$data                             0x0800430c   Section      272  lc_ctype_c.o(locale$$data)
    __lcnum_c_end                            0x0800430c   Data           0  lc_numeric_c.o(locale$$data)
    __lcctype_c_name                         0x08004310   Data           2  lc_ctype_c.o(locale$$data)
    __lcctype_c_start                        0x08004318   Data           0  lc_ctype_c.o(locale$$data)
    __lcctype_c_end                          0x0800441c   Data           0  lc_ctype_c.o(locale$$data)
    .data                                    0x20000000   Section       12  stm32f4xx_hal.o(.data)
    .data                                    0x2000000c   Section        4  system_stm32f4xx.o(.data)
    .data                                    0x20000010   Section        4  bsp_ad7606.o(.data)
    .data                                    0x20000014   Section        4  app_proccess.o(.data)
    display_timer                            0x20000014   Data           4  app_proccess.o(.data)
    .bss                                     0x20000018   Section       72  tim.o(.bss)
    .bss                                     0x20000060   Section      240  usart.o(.bss)
    .bss                                     0x20000150   Section      178  app_proccess.o(.bss)
    hmi_rx_buffer                            0x20000150   Data          50  app_proccess.o(.bss)
    debug_buffer                             0x20000182   Data         128  app_proccess.o(.bss)
    .bss                                     0x20000204   Section       96  libspace.o(.bss)
    HEAP                                     0x20000268   Section      512  startup_stm32f407xx.o(HEAP)
    Heap_Mem                                 0x20000268   Data         512  startup_stm32f407xx.o(HEAP)
    STACK                                    0x20000468   Section     1024  startup_stm32f407xx.o(STACK)
    Stack_Mem                                0x20000468   Data        1024  startup_stm32f407xx.o(STACK)
    __initial_sp                             0x20000868   Data           0  startup_stm32f407xx.o(STACK)

    Global Symbols

    Symbol Name                              Value     Ov Type        Size  Object(Section)

    BuildAttributes$$THM_ISAv4$E$P$D$K$B$S$7EM$VFPi3$EXTD16$VFPS$VFMA$PE$A:L22UL41UL21$X:L11$S22US41US21$IEEE1$IW$USESV6$~STKCKD$USESV7$~SHL$OTIME$ROPI$IEEEJ$EBA8$UX$STANDARDLIB$REQ8$PRES8$EABIv2 0x00000000   Number         0  anon$$obj.o ABSOLUTE
    __ARM_use_no_argv                        0x00000000   Number         0  main.o ABSOLUTE
    _printf_flags                            0x00000000   Number         0  printf_stubs.o ABSOLUTE
    _printf_return_value                     0x00000000   Number         0  printf_stubs.o ABSOLUTE
    _printf_sizespec                         0x00000000   Number         0  printf_stubs.o ABSOLUTE
    _printf_widthprec                        0x00000000   Number         0  printf_stubs.o ABSOLUTE
    __ARM_exceptions_init                     - Undefined Weak Reference
    __alloca_initialize                       - Undefined Weak Reference
    __arm_fini_                               - Undefined Weak Reference
    __arm_preinit_                            - Undefined Weak Reference
    __cpp_initialize__aeabi_                  - Undefined Weak Reference
    __cxa_finalize                            - Undefined Weak Reference
    __sigvec_lookup                           - Undefined Weak Reference
    _atexit_init                              - Undefined Weak Reference
    _call_atexit_fns                          - Undefined Weak Reference
    _clock_init                               - Undefined Weak Reference
    _fp_trap_init                             - Undefined Weak Reference
    _fp_trap_shutdown                         - Undefined Weak Reference
    _get_lc_collate                           - Undefined Weak Reference
    _get_lc_monetary                          - Undefined Weak Reference
    _get_lc_time                              - Undefined Weak Reference
    _getenv_init                              - Undefined Weak Reference
    _handle_redirection                       - Undefined Weak Reference
    _init_alloc                               - Undefined Weak Reference
    _init_user_alloc                          - Undefined Weak Reference
    _initio                                   - Undefined Weak Reference
    _printf_mbtowc                            - Undefined Weak Reference
    _printf_wc                                - Undefined Weak Reference
    _rand_init                                - Undefined Weak Reference
    _signal_finish                            - Undefined Weak Reference
    _signal_init                              - Undefined Weak Reference
    _terminate_alloc                          - Undefined Weak Reference
    _terminate_user_alloc                     - Undefined Weak Reference
    _terminateio                              - Undefined Weak Reference
    __Vectors_Size                           0x00000188   Number         0  startup_stm32f407xx.o ABSOLUTE
    __Vectors                                0x08000000   Data           4  startup_stm32f407xx.o(RESET)
    __Vectors_End                            0x08000188   Data           0  startup_stm32f407xx.o(RESET)
    __main                                   0x08000189   Thumb Code     8  __main.o(!!!main)
    __scatterload                            0x08000191   Thumb Code     0  __scatter.o(!!!scatter)
    __scatterload_rt2                        0x08000191   Thumb Code    44  __scatter.o(!!!scatter)
    __scatterload_rt2_thumb_only             0x08000191   Thumb Code     0  __scatter.o(!!!scatter)
    __scatterload_null                       0x0800019f   Thumb Code     0  __scatter.o(!!!scatter)
    __scatterload_copy                       0x080001c5   Thumb Code    26  __scatter_copy.o(!!handler_copy)
    __scatterload_zeroinit                   0x080001e1   Thumb Code    28  __scatter_zi.o(!!handler_zi)
    _printf_n                                0x080001fd   Thumb Code     0  _printf_n.o(.ARM.Collect$$_printf_percent$$00000001)
    _printf_percent                          0x080001fd   Thumb Code     0  _printf_percent.o(.ARM.Collect$$_printf_percent$$00000000)
    _printf_p                                0x08000203   Thumb Code     0  _printf_p.o(.ARM.Collect$$_printf_percent$$00000002)
    _printf_f                                0x08000209   Thumb Code     0  _printf_f.o(.ARM.Collect$$_printf_percent$$00000003)
    _printf_e                                0x0800020f   Thumb Code     0  _printf_e.o(.ARM.Collect$$_printf_percent$$00000004)
    _printf_g                                0x08000215   Thumb Code     0  _printf_g.o(.ARM.Collect$$_printf_percent$$00000005)
    _printf_a                                0x0800021b   Thumb Code     0  _printf_a.o(.ARM.Collect$$_printf_percent$$00000006)
    _printf_ll                               0x08000221   Thumb Code     0  _printf_ll.o(.ARM.Collect$$_printf_percent$$00000007)
    _printf_i                                0x0800022b   Thumb Code     0  _printf_i.o(.ARM.Collect$$_printf_percent$$00000008)
    _printf_d                                0x08000231   Thumb Code     0  _printf_d.o(.ARM.Collect$$_printf_percent$$00000009)
    _printf_u                                0x08000237   Thumb Code     0  _printf_u.o(.ARM.Collect$$_printf_percent$$0000000A)
    _printf_o                                0x0800023d   Thumb Code     0  _printf_o.o(.ARM.Collect$$_printf_percent$$0000000B)
    _printf_x                                0x08000243   Thumb Code     0  _printf_x.o(.ARM.Collect$$_printf_percent$$0000000C)
    _printf_lli                              0x08000249   Thumb Code     0  _printf_lli.o(.ARM.Collect$$_printf_percent$$0000000D)
    _printf_lld                              0x0800024f   Thumb Code     0  _printf_lld.o(.ARM.Collect$$_printf_percent$$0000000E)
    _printf_llu                              0x08000255   Thumb Code     0  _printf_llu.o(.ARM.Collect$$_printf_percent$$0000000F)
    _printf_llo                              0x0800025b   Thumb Code     0  _printf_llo.o(.ARM.Collect$$_printf_percent$$00000010)
    _printf_llx                              0x08000261   Thumb Code     0  _printf_llx.o(.ARM.Collect$$_printf_percent$$00000011)
    _printf_l                                0x08000267   Thumb Code     0  _printf_l.o(.ARM.Collect$$_printf_percent$$00000012)
    _printf_c                                0x08000271   Thumb Code     0  _printf_c.o(.ARM.Collect$$_printf_percent$$00000013)
    _printf_s                                0x08000277   Thumb Code     0  _printf_s.o(.ARM.Collect$$_printf_percent$$00000014)
    _printf_lc                               0x0800027d   Thumb Code     0  _printf_lc.o(.ARM.Collect$$_printf_percent$$00000015)
    _printf_ls                               0x08000283   Thumb Code     0  _printf_ls.o(.ARM.Collect$$_printf_percent$$00000016)
    _printf_percent_end                      0x08000289   Thumb Code     0  _printf_percent_end.o(.ARM.Collect$$_printf_percent$$00000017)
    __rt_lib_init                            0x0800028d   Thumb Code     0  libinit.o(.ARM.Collect$$libinit$$00000000)
    __rt_lib_init_fp_1                       0x0800028f   Thumb Code     0  libinit2.o(.ARM.Collect$$libinit$$00000001)
    __rt_lib_init_heap_1                     0x08000293   Thumb Code     0  libinit2.o(.ARM.Collect$$libinit$$0000000A)
    __rt_lib_init_lc_common                  0x08000293   Thumb Code     0  libinit2.o(.ARM.Collect$$libinit$$0000000F)
    __rt_lib_init_preinit_1                  0x08000293   Thumb Code     0  libinit2.o(.ARM.Collect$$libinit$$00000004)
    __rt_lib_init_rand_1                     0x08000293   Thumb Code     0  libinit2.o(.ARM.Collect$$libinit$$0000000E)
    __rt_lib_init_user_alloc_1               0x08000293   Thumb Code     0  libinit2.o(.ARM.Collect$$libinit$$0000000C)
    __rt_lib_init_lc_collate_1               0x08000299   Thumb Code     0  libinit2.o(.ARM.Collect$$libinit$$00000011)
    __rt_lib_init_lc_ctype_2                 0x08000299   Thumb Code     0  libinit2.o(.ARM.Collect$$libinit$$00000012)
    __rt_lib_init_lc_ctype_1                 0x080002a5   Thumb Code     0  libinit2.o(.ARM.Collect$$libinit$$00000013)
    __rt_lib_init_lc_monetary_1              0x080002a5   Thumb Code     0  libinit2.o(.ARM.Collect$$libinit$$00000015)
    __rt_lib_init_lc_numeric_2               0x080002a5   Thumb Code     0  libinit2.o(.ARM.Collect$$libinit$$00000016)
    __rt_lib_init_alloca_1                   0x080002af   Thumb Code     0  libinit2.o(.ARM.Collect$$libinit$$0000002E)
    __rt_lib_init_argv_1                     0x080002af   Thumb Code     0  libinit2.o(.ARM.Collect$$libinit$$0000002C)
    __rt_lib_init_atexit_1                   0x080002af   Thumb Code     0  libinit2.o(.ARM.Collect$$libinit$$0000001B)
    __rt_lib_init_clock_1                    0x080002af   Thumb Code     0  libinit2.o(.ARM.Collect$$libinit$$00000021)
    __rt_lib_init_cpp_1                      0x080002af   Thumb Code     0  libinit2.o(.ARM.Collect$$libinit$$00000032)
    __rt_lib_init_exceptions_1               0x080002af   Thumb Code     0  libinit2.o(.ARM.Collect$$libinit$$00000030)
    __rt_lib_init_fp_trap_1                  0x080002af   Thumb Code     0  libinit2.o(.ARM.Collect$$libinit$$0000001F)
    __rt_lib_init_getenv_1                   0x080002af   Thumb Code     0  libinit2.o(.ARM.Collect$$libinit$$00000023)
    __rt_lib_init_lc_numeric_1               0x080002af   Thumb Code     0  libinit2.o(.ARM.Collect$$libinit$$00000017)
    __rt_lib_init_lc_time_1                  0x080002af   Thumb Code     0  libinit2.o(.ARM.Collect$$libinit$$00000019)
    __rt_lib_init_return                     0x080002af   Thumb Code     0  libinit2.o(.ARM.Collect$$libinit$$00000033)
    __rt_lib_init_signal_1                   0x080002af   Thumb Code     0  libinit2.o(.ARM.Collect$$libinit$$0000001D)
    __rt_lib_init_stdio_1                    0x080002af   Thumb Code     0  libinit2.o(.ARM.Collect$$libinit$$00000025)
    __rt_lib_shutdown                        0x080002b1   Thumb Code     0  libshutdown.o(.ARM.Collect$$libshutdown$$00000000)
    __rt_lib_shutdown_cpp_1                  0x080002b3   Thumb Code     0  libshutdown2.o(.ARM.Collect$$libshutdown$$00000004)
    __rt_lib_shutdown_fini_1                 0x080002b3   Thumb Code     0  libshutdown2.o(.ARM.Collect$$libshutdown$$00000002)
    __rt_lib_shutdown_fp_trap_1              0x080002b3   Thumb Code     0  libshutdown2.o(.ARM.Collect$$libshutdown$$00000009)
    __rt_lib_shutdown_heap_1                 0x080002b3   Thumb Code     0  libshutdown2.o(.ARM.Collect$$libshutdown$$00000011)
    __rt_lib_shutdown_return                 0x080002b3   Thumb Code     0  libshutdown2.o(.ARM.Collect$$libshutdown$$00000012)
    __rt_lib_shutdown_signal_1               0x080002b3   Thumb Code     0  libshutdown2.o(.ARM.Collect$$libshutdown$$0000000C)
    __rt_lib_shutdown_stdio_1                0x080002b3   Thumb Code     0  libshutdown2.o(.ARM.Collect$$libshutdown$$00000006)
    __rt_lib_shutdown_user_alloc_1           0x080002b3   Thumb Code     0  libshutdown2.o(.ARM.Collect$$libshutdown$$0000000E)
    __rt_entry                               0x080002b5   Thumb Code     0  __rtentry.o(.ARM.Collect$$rtentry$$00000000)
    __rt_entry_presh_1                       0x080002b5   Thumb Code     0  __rtentry2.o(.ARM.Collect$$rtentry$$00000002)
    __rt_entry_sh                            0x080002b5   Thumb Code     0  __rtentry4.o(.ARM.Collect$$rtentry$$00000004)
    __rt_entry_li                            0x080002bb   Thumb Code     0  __rtentry2.o(.ARM.Collect$$rtentry$$0000000A)
    __rt_entry_postsh_1                      0x080002bb   Thumb Code     0  __rtentry2.o(.ARM.Collect$$rtentry$$00000009)
    __rt_entry_main                          0x080002bf   Thumb Code     0  __rtentry2.o(.ARM.Collect$$rtentry$$0000000D)
    __rt_entry_postli_1                      0x080002bf   Thumb Code     0  __rtentry2.o(.ARM.Collect$$rtentry$$0000000C)
    __rt_exit                                0x080002c7   Thumb Code     0  rtexit.o(.ARM.Collect$$rtexit$$00000000)
    __rt_exit_ls                             0x080002c9   Thumb Code     0  rtexit2.o(.ARM.Collect$$rtexit$$00000003)
    __rt_exit_prels_1                        0x080002c9   Thumb Code     0  rtexit2.o(.ARM.Collect$$rtexit$$00000002)
    __rt_exit_exit                           0x080002cd   Thumb Code     0  rtexit2.o(.ARM.Collect$$rtexit$$00000004)
    Reset_Handler                            0x080002d5   Thumb Code     8  startup_stm32f407xx.o(.text)
    ADC_IRQHandler                           0x080002ef   Thumb Code     0  startup_stm32f407xx.o(.text)
    CAN1_RX0_IRQHandler                      0x080002ef   Thumb Code     0  startup_stm32f407xx.o(.text)
    CAN1_RX1_IRQHandler                      0x080002ef   Thumb Code     0  startup_stm32f407xx.o(.text)
    CAN1_SCE_IRQHandler                      0x080002ef   Thumb Code     0  startup_stm32f407xx.o(.text)
    CAN1_TX_IRQHandler                       0x080002ef   Thumb Code     0  startup_stm32f407xx.o(.text)
    CAN2_RX0_IRQHandler                      0x080002ef   Thumb Code     0  startup_stm32f407xx.o(.text)
    CAN2_RX1_IRQHandler                      0x080002ef   Thumb Code     0  startup_stm32f407xx.o(.text)
    CAN2_SCE_IRQHandler                      0x080002ef   Thumb Code     0  startup_stm32f407xx.o(.text)
    CAN2_TX_IRQHandler                       0x080002ef   Thumb Code     0  startup_stm32f407xx.o(.text)
    DCMI_IRQHandler                          0x080002ef   Thumb Code     0  startup_stm32f407xx.o(.text)
    DMA1_Stream0_IRQHandler                  0x080002ef   Thumb Code     0  startup_stm32f407xx.o(.text)
    DMA1_Stream1_IRQHandler                  0x080002ef   Thumb Code     0  startup_stm32f407xx.o(.text)
    DMA1_Stream2_IRQHandler                  0x080002ef   Thumb Code     0  startup_stm32f407xx.o(.text)
    DMA1_Stream3_IRQHandler                  0x080002ef   Thumb Code     0  startup_stm32f407xx.o(.text)
    DMA1_Stream4_IRQHandler                  0x080002ef   Thumb Code     0  startup_stm32f407xx.o(.text)
    DMA1_Stream5_IRQHandler                  0x080002ef   Thumb Code     0  startup_stm32f407xx.o(.text)
    DMA1_Stream6_IRQHandler                  0x080002ef   Thumb Code     0  startup_stm32f407xx.o(.text)
    DMA1_Stream7_IRQHandler                  0x080002ef   Thumb Code     0  startup_stm32f407xx.o(.text)
    DMA2_Stream0_IRQHandler                  0x080002ef   Thumb Code     0  startup_stm32f407xx.o(.text)
    DMA2_Stream1_IRQHandler                  0x080002ef   Thumb Code     0  startup_stm32f407xx.o(.text)
    DMA2_Stream3_IRQHandler                  0x080002ef   Thumb Code     0  startup_stm32f407xx.o(.text)
    DMA2_Stream4_IRQHandler                  0x080002ef   Thumb Code     0  startup_stm32f407xx.o(.text)
    DMA2_Stream5_IRQHandler                  0x080002ef   Thumb Code     0  startup_stm32f407xx.o(.text)
    DMA2_Stream6_IRQHandler                  0x080002ef   Thumb Code     0  startup_stm32f407xx.o(.text)
    DMA2_Stream7_IRQHandler                  0x080002ef   Thumb Code     0  startup_stm32f407xx.o(.text)
    ETH_IRQHandler                           0x080002ef   Thumb Code     0  startup_stm32f407xx.o(.text)
    ETH_WKUP_IRQHandler                      0x080002ef   Thumb Code     0  startup_stm32f407xx.o(.text)
    EXTI0_IRQHandler                         0x080002ef   Thumb Code     0  startup_stm32f407xx.o(.text)
    EXTI15_10_IRQHandler                     0x080002ef   Thumb Code     0  startup_stm32f407xx.o(.text)
    EXTI1_IRQHandler                         0x080002ef   Thumb Code     0  startup_stm32f407xx.o(.text)
    EXTI2_IRQHandler                         0x080002ef   Thumb Code     0  startup_stm32f407xx.o(.text)
    EXTI4_IRQHandler                         0x080002ef   Thumb Code     0  startup_stm32f407xx.o(.text)
    EXTI9_5_IRQHandler                       0x080002ef   Thumb Code     0  startup_stm32f407xx.o(.text)
    FLASH_IRQHandler                         0x080002ef   Thumb Code     0  startup_stm32f407xx.o(.text)
    FMC_IRQHandler                           0x080002ef   Thumb Code     0  startup_stm32f407xx.o(.text)
    FPU_IRQHandler                           0x080002ef   Thumb Code     0  startup_stm32f407xx.o(.text)
    HASH_RNG_IRQHandler                      0x080002ef   Thumb Code     0  startup_stm32f407xx.o(.text)
    I2C1_ER_IRQHandler                       0x080002ef   Thumb Code     0  startup_stm32f407xx.o(.text)
    I2C1_EV_IRQHandler                       0x080002ef   Thumb Code     0  startup_stm32f407xx.o(.text)
    I2C2_ER_IRQHandler                       0x080002ef   Thumb Code     0  startup_stm32f407xx.o(.text)
    I2C2_EV_IRQHandler                       0x080002ef   Thumb Code     0  startup_stm32f407xx.o(.text)
    I2C3_ER_IRQHandler                       0x080002ef   Thumb Code     0  startup_stm32f407xx.o(.text)
    I2C3_EV_IRQHandler                       0x080002ef   Thumb Code     0  startup_stm32f407xx.o(.text)
    OTG_FS_IRQHandler                        0x080002ef   Thumb Code     0  startup_stm32f407xx.o(.text)
    OTG_FS_WKUP_IRQHandler                   0x080002ef   Thumb Code     0  startup_stm32f407xx.o(.text)
    OTG_HS_EP1_IN_IRQHandler                 0x080002ef   Thumb Code     0  startup_stm32f407xx.o(.text)
    OTG_HS_EP1_OUT_IRQHandler                0x080002ef   Thumb Code     0  startup_stm32f407xx.o(.text)
    OTG_HS_IRQHandler                        0x080002ef   Thumb Code     0  startup_stm32f407xx.o(.text)
    OTG_HS_WKUP_IRQHandler                   0x080002ef   Thumb Code     0  startup_stm32f407xx.o(.text)
    PVD_IRQHandler                           0x080002ef   Thumb Code     0  startup_stm32f407xx.o(.text)
    RCC_IRQHandler                           0x080002ef   Thumb Code     0  startup_stm32f407xx.o(.text)
    RTC_Alarm_IRQHandler                     0x080002ef   Thumb Code     0  startup_stm32f407xx.o(.text)
    RTC_WKUP_IRQHandler                      0x080002ef   Thumb Code     0  startup_stm32f407xx.o(.text)
    SDIO_IRQHandler                          0x080002ef   Thumb Code     0  startup_stm32f407xx.o(.text)
    SPI1_IRQHandler                          0x080002ef   Thumb Code     0  startup_stm32f407xx.o(.text)
    SPI2_IRQHandler                          0x080002ef   Thumb Code     0  startup_stm32f407xx.o(.text)
    SPI3_IRQHandler                          0x080002ef   Thumb Code     0  startup_stm32f407xx.o(.text)
    TAMP_STAMP_IRQHandler                    0x080002ef   Thumb Code     0  startup_stm32f407xx.o(.text)
    TIM1_BRK_TIM9_IRQHandler                 0x080002ef   Thumb Code     0  startup_stm32f407xx.o(.text)
    TIM1_CC_IRQHandler                       0x080002ef   Thumb Code     0  startup_stm32f407xx.o(.text)
    TIM1_TRG_COM_TIM11_IRQHandler            0x080002ef   Thumb Code     0  startup_stm32f407xx.o(.text)
    TIM1_UP_TIM10_IRQHandler                 0x080002ef   Thumb Code     0  startup_stm32f407xx.o(.text)
    TIM2_IRQHandler                          0x080002ef   Thumb Code     0  startup_stm32f407xx.o(.text)
    TIM3_IRQHandler                          0x080002ef   Thumb Code     0  startup_stm32f407xx.o(.text)
    TIM4_IRQHandler                          0x080002ef   Thumb Code     0  startup_stm32f407xx.o(.text)
    TIM5_IRQHandler                          0x080002ef   Thumb Code     0  startup_stm32f407xx.o(.text)
    TIM6_DAC_IRQHandler                      0x080002ef   Thumb Code     0  startup_stm32f407xx.o(.text)
    TIM7_IRQHandler                          0x080002ef   Thumb Code     0  startup_stm32f407xx.o(.text)
    TIM8_BRK_TIM12_IRQHandler                0x080002ef   Thumb Code     0  startup_stm32f407xx.o(.text)
    TIM8_CC_IRQHandler                       0x080002ef   Thumb Code     0  startup_stm32f407xx.o(.text)
    TIM8_TRG_COM_TIM14_IRQHandler            0x080002ef   Thumb Code     0  startup_stm32f407xx.o(.text)
    TIM8_UP_TIM13_IRQHandler                 0x080002ef   Thumb Code     0  startup_stm32f407xx.o(.text)
    UART4_IRQHandler                         0x080002ef   Thumb Code     0  startup_stm32f407xx.o(.text)
    UART5_IRQHandler                         0x080002ef   Thumb Code     0  startup_stm32f407xx.o(.text)
    USART2_IRQHandler                        0x080002ef   Thumb Code     0  startup_stm32f407xx.o(.text)
    USART3_IRQHandler                        0x080002ef   Thumb Code     0  startup_stm32f407xx.o(.text)
    USART6_IRQHandler                        0x080002ef   Thumb Code     0  startup_stm32f407xx.o(.text)
    WWDG_IRQHandler                          0x080002ef   Thumb Code     0  startup_stm32f407xx.o(.text)
    __user_initial_stackheap                 0x080002f1   Thumb Code     0  startup_stm32f407xx.o(.text)
    __aeabi_uldivmod                         0x08000315   Thumb Code     0  lludivv7m.o(.text)
    _ll_udiv                                 0x08000315   Thumb Code   238  lludivv7m.o(.text)
    vsnprintf                                0x08000405   Thumb Code    48  vsnprintf.o(.text)
    __2snprintf                              0x08000439   Thumb Code    50  __2snprintf.o(.text)
    _printf_str                              0x08000471   Thumb Code    82  _printf_str.o(.text)
    __printf                                 0x080004c5   Thumb Code   388  __printf_flags_ss_wp.o(.text)
    __aeabi_memclr4                          0x0800064d   Thumb Code     0  rt_memclr_w.o(.text)
    __aeabi_memclr8                          0x0800064d   Thumb Code     0  rt_memclr_w.o(.text)
    __rt_memclr_w                            0x0800064d   Thumb Code    78  rt_memclr_w.o(.text)
    _memset_w                                0x08000651   Thumb Code     0  rt_memclr_w.o(.text)
    __use_two_region_memory                  0x0800069b   Thumb Code     2  heapauxi.o(.text)
    __rt_heap_escrow$2region                 0x0800069d   Thumb Code     2  heapauxi.o(.text)
    __rt_heap_expand$2region                 0x0800069f   Thumb Code     2  heapauxi.o(.text)
    _printf_pre_padding                      0x080006a1   Thumb Code    44  _printf_pad.o(.text)
    _printf_post_padding                     0x080006cd   Thumb Code    34  _printf_pad.o(.text)
    _printf_truncate_signed                  0x080006ef   Thumb Code    18  _printf_truncate.o(.text)
    _printf_truncate_unsigned                0x08000701   Thumb Code    18  _printf_truncate.o(.text)
    _printf_int_dec                          0x08000715   Thumb Code   104  _printf_dec.o(.text)
    _printf_charcount                        0x0800078d   Thumb Code    40  _printf_charcount.o(.text)
    __lib_sel_fp_printf                      0x080007b5   Thumb Code     2  _printf_fp_dec.o(.text)
    _printf_fp_dec_real                      0x08000967   Thumb Code   620  _printf_fp_dec.o(.text)
    _printf_char_common                      0x08000bdf   Thumb Code    32  _printf_char_common.o(.text)
    _sputc                                   0x08000c05   Thumb Code    10  _sputc.o(.text)
    _snputc                                  0x08000c0f   Thumb Code    16  _snputc.o(.text)
    _printf_cs_common                        0x08000c1f   Thumb Code    20  _printf_char.o(.text)
    _printf_char                             0x08000c33   Thumb Code    16  _printf_char.o(.text)
    _printf_string                           0x08000c43   Thumb Code     8  _printf_char.o(.text)
    _printf_wctomb                           0x08000c4d   Thumb Code   182  _printf_wctomb.o(.text)
    _printf_longlong_dec                     0x08000d09   Thumb Code   108  _printf_longlong_dec.o(.text)
    _printf_longlong_oct                     0x08000d85   Thumb Code    66  _printf_oct_int_ll.o(.text)
    _printf_int_oct                          0x08000dc7   Thumb Code    24  _printf_oct_int_ll.o(.text)
    _printf_ll_oct                           0x08000ddf   Thumb Code    12  _printf_oct_int_ll.o(.text)
    _printf_longlong_hex                     0x08000df5   Thumb Code    86  _printf_hex_int_ll_ptr.o(.text)
    _printf_int_hex                          0x08000e4b   Thumb Code    28  _printf_hex_int_ll_ptr.o(.text)
    _printf_ll_hex                           0x08000e67   Thumb Code    12  _printf_hex_int_ll_ptr.o(.text)
    _printf_hex_ptr                          0x08000e73   Thumb Code    18  _printf_hex_int_ll_ptr.o(.text)
    __rt_locale                              0x08000e89   Thumb Code     8  rt_locale_intlibspace.o(.text)
    _ll_udiv10                               0x08000e91   Thumb Code   138  lludiv10.o(.text)
    _printf_int_common                       0x08000f1b   Thumb Code   178  _printf_intcommon.o(.text)
    _printf_fp_hex_real                      0x08000fcd   Thumb Code   756  _printf_fp_hex.o(.text)
    _printf_fp_infnan                        0x080012c9   Thumb Code   112  _printf_fp_infnan.o(.text)
    _printf_lcs_common                       0x08001349   Thumb Code    20  _printf_wchar.o(.text)
    _printf_wchar                            0x0800135d   Thumb Code    16  _printf_wchar.o(.text)
    _printf_wstring                          0x0800136d   Thumb Code     8  _printf_wchar.o(.text)
    _btod_etento                             0x08001375   Thumb Code   224  bigflt0.o(.text)
    _wcrtomb                                 0x08001459   Thumb Code    64  _wcrtomb.o(.text)
    __user_libspace                          0x08001499   Thumb Code     8  libspace.o(.text)
    __user_perproc_libspace                  0x08001499   Thumb Code     0  libspace.o(.text)
    __user_perthread_libspace                0x08001499   Thumb Code     0  libspace.o(.text)
    __user_setup_stackheap                   0x080014a1   Thumb Code    74  sys_stackheap_outer.o(.text)
    __rt_ctype_table                         0x080014ed   Thumb Code    16  rt_ctype_table.o(.text)
    exit                                     0x080014fd   Thumb Code    18  exit.o(.text)
    strcmp                                   0x08001511   Thumb Code   128  strcmpv7m.o(.text)
    _sys_exit                                0x08001591   Thumb Code     8  sys_exit.o(.text)
    __I$use$semihosting                      0x0800159d   Thumb Code     0  use_no_semi.o(.text)
    __use_no_semihosting_swi                 0x0800159d   Thumb Code     2  use_no_semi.o(.text)
    __semihosting_library_function           0x0800159f   Thumb Code     0  indicate_semi.o(.text)
    _btod_d2e                                0x0800159f   Thumb Code    62  btod.o(CL$$btod_d2e)
    _d2e_denorm_low                          0x080015dd   Thumb Code    70  btod.o(CL$$btod_d2e_denorm_low)
    _d2e_norm_op1                            0x08001623   Thumb Code    96  btod.o(CL$$btod_d2e_norm_op1)
    __btod_div_common                        0x08001683   Thumb Code   696  btod.o(CL$$btod_div_common)
    _e2e                                     0x080019bb   Thumb Code   220  btod.o(CL$$btod_e2e)
    _btod_ediv                               0x08001a97   Thumb Code    42  btod.o(CL$$btod_ediv)
    _btod_emul                               0x08001ac1   Thumb Code    42  btod.o(CL$$btod_emul)
    __btod_mult_common                       0x08001aeb   Thumb Code   580  btod.o(CL$$btod_mult_common)
    AD7606_Init                              0x08001d31   Thumb Code    52  bsp_ad7606.o(i.AD7606_Init)
    AD7606_RESET                             0x08001d71   Thumb Code    60  bsp_ad7606.o(i.AD7606_RESET)
    AD7606_SETOS                             0x08001db1   Thumb Code   118  bsp_ad7606.o(i.AD7606_SETOS)
    App_Main_Process_Poll                    0x08001e2d   Thumb Code     4  app_proccess.o(i.App_Main_Process_Poll)
    BusFault_Handler                         0x08001e31   Thumb Code     2  stm32f4xx_it.o(i.BusFault_Handler)
    DMA2_Stream2_IRQHandler                  0x08001e35   Thumb Code     6  stm32f4xx_it.o(i.DMA2_Stream2_IRQHandler)
    DebugMon_Handler                         0x08001ebd   Thumb Code     2  stm32f4xx_it.o(i.DebugMon_Handler)
    Debug_printf                             0x08001ec1   Thumb Code    38  app_proccess.o(i.Debug_printf)
    EXTI3_IRQHandler                         0x08001efb   Thumb Code     6  stm32f4xx_it.o(i.EXTI3_IRQHandler)
    Error_Handler                            0x08001f01   Thumb Code     4  main.o(i.Error_Handler)
    HAL_DMA_Abort                            0x08001f05   Thumb Code   146  stm32f4xx_hal_dma.o(i.HAL_DMA_Abort)
    HAL_DMA_Abort_IT                         0x08001f97   Thumb Code    36  stm32f4xx_hal_dma.o(i.HAL_DMA_Abort_IT)
    HAL_DMA_IRQHandler                       0x08001fbd   Thumb Code   412  stm32f4xx_hal_dma.o(i.HAL_DMA_IRQHandler)
    HAL_DMA_Init                             0x0800215d   Thumb Code   206  stm32f4xx_hal_dma.o(i.HAL_DMA_Init)
    HAL_Delay                                0x08002231   Thumb Code    32  stm32f4xx_hal.o(i.HAL_Delay)
    HAL_GPIO_EXTI_Callback                   0x08002255   Thumb Code   118  bsp_ad7606.o(i.HAL_GPIO_EXTI_Callback)
    HAL_GPIO_EXTI_IRQHandler                 0x080022d9   Thumb Code    18  stm32f4xx_hal_gpio.o(i.HAL_GPIO_EXTI_IRQHandler)
    HAL_GPIO_Init                            0x080022f1   Thumb Code   450  stm32f4xx_hal_gpio.o(i.HAL_GPIO_Init)
    HAL_GPIO_ReadPin                         0x080024e1   Thumb Code    10  stm32f4xx_hal_gpio.o(i.HAL_GPIO_ReadPin)
    HAL_GPIO_WritePin                        0x080024eb   Thumb Code    10  stm32f4xx_hal_gpio.o(i.HAL_GPIO_WritePin)
    HAL_GetTick                              0x080024f5   Thumb Code     6  stm32f4xx_hal.o(i.HAL_GetTick)
    HAL_IncTick                              0x08002501   Thumb Code    12  stm32f4xx_hal.o(i.HAL_IncTick)
    HAL_Init                                 0x08002511   Thumb Code    48  stm32f4xx_hal.o(i.HAL_Init)
    HAL_InitTick                             0x08002545   Thumb Code    54  stm32f4xx_hal.o(i.HAL_InitTick)
    HAL_MspInit                              0x08002585   Thumb Code    42  stm32f4xx_hal_msp.o(i.HAL_MspInit)
    HAL_NVIC_EnableIRQ                       0x080025b5   Thumb Code    26  stm32f4xx_hal_cortex.o(i.HAL_NVIC_EnableIRQ)
    HAL_NVIC_SetPriority                     0x080025d1   Thumb Code    60  stm32f4xx_hal_cortex.o(i.HAL_NVIC_SetPriority)
    HAL_NVIC_SetPriorityGrouping             0x08002611   Thumb Code    26  stm32f4xx_hal_cortex.o(i.HAL_NVIC_SetPriorityGrouping)
    HAL_RCC_ClockConfig                      0x08002635   Thumb Code   288  stm32f4xx_hal_rcc.o(i.HAL_RCC_ClockConfig)
    HAL_RCC_GetPCLK1Freq                     0x08002769   Thumb Code    20  stm32f4xx_hal_rcc.o(i.HAL_RCC_GetPCLK1Freq)
    HAL_RCC_GetPCLK2Freq                     0x08002789   Thumb Code    20  stm32f4xx_hal_rcc.o(i.HAL_RCC_GetPCLK2Freq)
    HAL_RCC_GetSysClockFreq                  0x080027a9   Thumb Code    88  stm32f4xx_hal_rcc.o(i.HAL_RCC_GetSysClockFreq)
    HAL_RCC_OscConfig                        0x0800280d   Thumb Code   856  stm32f4xx_hal_rcc.o(i.HAL_RCC_OscConfig)
    HAL_SYSTICK_Config                       0x08002b79   Thumb Code    40  stm32f4xx_hal_cortex.o(i.HAL_SYSTICK_Config)
    HAL_TIMEx_ConfigBreakDeadTime            0x08002ba1   Thumb Code    84  stm32f4xx_hal_tim_ex.o(i.HAL_TIMEx_ConfigBreakDeadTime)
    HAL_TIMEx_MasterConfigSynchronization    0x08002bf5   Thumb Code   116  stm32f4xx_hal_tim_ex.o(i.HAL_TIMEx_MasterConfigSynchronization)
    HAL_TIM_Base_Init                        0x08002c85   Thumb Code    90  stm32f4xx_hal_tim.o(i.HAL_TIM_Base_Init)
    HAL_TIM_Base_MspInit                     0x08002ce1   Thumb Code    30  tim.o(i.HAL_TIM_Base_MspInit)
    HAL_TIM_ConfigClockSource                0x08002d09   Thumb Code   220  stm32f4xx_hal_tim.o(i.HAL_TIM_ConfigClockSource)
    HAL_TIM_MspPostInit                      0x08002de5   Thumb Code   108  tim.o(i.HAL_TIM_MspPostInit)
    HAL_TIM_PWM_ConfigChannel                0x08002e61   Thumb Code   204  stm32f4xx_hal_tim.o(i.HAL_TIM_PWM_ConfigChannel)
    HAL_TIM_PWM_Init                         0x08002f2d   Thumb Code    90  stm32f4xx_hal_tim.o(i.HAL_TIM_PWM_Init)
    HAL_TIM_PWM_MspInit                      0x08002f87   Thumb Code     2  stm32f4xx_hal_tim.o(i.HAL_TIM_PWM_MspInit)
    HAL_TIM_PWM_Start                        0x08002f89   Thumb Code   172  stm32f4xx_hal_tim.o(i.HAL_TIM_PWM_Start)
    HAL_UARTEx_RxEventCallback               0x08003051   Thumb Code     2  stm32f4xx_hal_uart.o(i.HAL_UARTEx_RxEventCallback)
    HAL_UART_ErrorCallback                   0x08003053   Thumb Code     2  stm32f4xx_hal_uart.o(i.HAL_UART_ErrorCallback)
    HAL_UART_IRQHandler                      0x08003055   Thumb Code   636  stm32f4xx_hal_uart.o(i.HAL_UART_IRQHandler)
    HAL_UART_Init                            0x080032d5   Thumb Code   100  stm32f4xx_hal_uart.o(i.HAL_UART_Init)
    HAL_UART_MspInit                         0x08003339   Thumb Code   216  usart.o(i.HAL_UART_MspInit)
    HAL_UART_Receive_IT                      0x0800342d   Thumb Code    28  stm32f4xx_hal_uart.o(i.HAL_UART_Receive_IT)
    HAL_UART_RxCpltCallback                  0x08003449   Thumb Code     2  stm32f4xx_hal_uart.o(i.HAL_UART_RxCpltCallback)
    HAL_UART_Transmit                        0x0800344b   Thumb Code   160  stm32f4xx_hal_uart.o(i.HAL_UART_Transmit)
    HAL_UART_TxCpltCallback                  0x080034eb   Thumb Code     2  stm32f4xx_hal_uart.o(i.HAL_UART_TxCpltCallback)
    HMI_Process_Init                         0x080034ed   Thumb Code    10  app_proccess.o(i.HMI_Process_Init)
    HMI_Send_Cmd                             0x08003501   Thumb Code    34  app_proccess.o(i.HMI_Send_Cmd)
    HardFault_Handler                        0x08003571   Thumb Code     2  stm32f4xx_it.o(i.HardFault_Handler)
    MX_DMA_Init                              0x08003575   Thumb Code    40  dma.o(i.MX_DMA_Init)
    MX_GPIO_Init                             0x080035a1   Thumb Code   288  gpio.o(i.MX_GPIO_Init)
    MX_TIM1_Init                             0x080036d5   Thumb Code   210  tim.o(i.MX_TIM1_Init)
    MX_USART1_UART_Init                      0x080037b1   Thumb Code    48  usart.o(i.MX_USART1_UART_Init)
    MX_USART3_UART_Init                      0x080037e9   Thumb Code    48  usart.o(i.MX_USART3_UART_Init)
    MemManage_Handler                        0x08003821   Thumb Code     2  stm32f4xx_it.o(i.MemManage_Handler)
    NMI_Handler                              0x08003823   Thumb Code     2  stm32f4xx_it.o(i.NMI_Handler)
    PendSV_Handler                           0x08003825   Thumb Code     2  stm32f4xx_it.o(i.PendSV_Handler)
    SVC_Handler                              0x08003827   Thumb Code     2  stm32f4xx_it.o(i.SVC_Handler)
    SysTick_Handler                          0x08003829   Thumb Code     4  stm32f4xx_it.o(i.SysTick_Handler)
    SystemClock_Config                       0x0800382d   Thumb Code   140  main.o(i.SystemClock_Config)
    SystemInit                               0x080038c1   Thumb Code    12  system_stm32f4xx.o(i.SystemInit)
    TIM_Base_SetConfig                       0x080038d1   Thumb Code   164  stm32f4xx_hal_tim.o(i.TIM_Base_SetConfig)
    TIM_CCxChannelCmd                        0x080039a1   Thumb Code    26  stm32f4xx_hal_tim.o(i.TIM_CCxChannelCmd)
    TIM_ETR_SetConfig                        0x080039bb   Thumb Code    20  stm32f4xx_hal_tim.o(i.TIM_ETR_SetConfig)
    TIM_OC2_SetConfig                        0x08003a41   Thumb Code    98  stm32f4xx_hal_tim.o(i.TIM_OC2_SetConfig)
    UART_Start_Receive_IT                    0x08003eb1   Thumb Code    54  stm32f4xx_hal_uart.o(i.UART_Start_Receive_IT)
    USART1_IRQHandler                        0x08003f59   Thumb Code     6  stm32f4xx_it.o(i.USART1_IRQHandler)
    UsageFault_Handler                       0x08003f65   Thumb Code     2  stm32f4xx_it.o(i.UsageFault_Handler)
    __ARM_fpclassify                         0x08003f67   Thumb Code    48  fpclassify.o(i.__ARM_fpclassify)
    _is_digit                                0x08003fb7   Thumb Code    14  __printf_wp.o(i._is_digit)
    main                                     0x08003fc5   Thumb Code    70  main.o(i.main)
    _get_lc_numeric                          0x08004059   Thumb Code    44  lc_numeric_c.o(locale$$code)
    _get_lc_ctype                            0x08004085   Thumb Code    44  lc_ctype_c.o(locale$$code)
    __fpl_dretinf                            0x080040b1   Thumb Code    12  dretinf.o(x$fpl$dretinf)
    __aeabi_f2d                              0x080040bd   Thumb Code     0  f2d.o(x$fpl$f2d)
    _f2d                                     0x080040bd   Thumb Code    86  f2d.o(x$fpl$f2d)
    __fpl_fnaninf                            0x08004113   Thumb Code   140  fnaninf.o(x$fpl$fnaninf)
    _fp_init                                 0x0800419f   Thumb Code    10  fpinit.o(x$fpl$fpinit)
    __fplib_config_fpu_vfp                   0x080041a7   Thumb Code     0  fpinit.o(x$fpl$fpinit)
    __fplib_config_pureend_doubles           0x080041a7   Thumb Code     0  fpinit.o(x$fpl$fpinit)
    _printf_fp_dec                           0x080041a9   Thumb Code     4  printf1.o(x$fpl$printf1)
    _printf_fp_hex                           0x080041ad   Thumb Code     4  printf2.o(x$fpl$printf2)
    __I$use$fp                               0x080041b0   Number         0  usenofp.o(x$fpl$usenofp)
    AHBPrescTable                            0x080041b8   Data          16  system_stm32f4xx.o(.constdata)
    APBPrescTable                            0x080041c8   Data           8  system_stm32f4xx.o(.constdata)
    Region$$Table$$Base                      0x080042d0   Number         0  anon$$obj.o(Region$$Table)
    Region$$Table$$Limit                     0x080042f0   Number         0  anon$$obj.o(Region$$Table)
    __ctype                                  0x08004319   Data           0  lc_ctype_c.o(locale$$data)
    uwTickFreq                               0x20000000   Data           1  stm32f4xx_hal.o(.data)
    uwTickPrio                               0x20000004   Data           4  stm32f4xx_hal.o(.data)
    uwTick                                   0x20000008   Data           4  stm32f4xx_hal.o(.data)
    SystemCoreClock                          0x2000000c   Data           4  system_stm32f4xx.o(.data)
    AD7606_Data_Ready                        0x20000010   Data           1  bsp_ad7606.o(.data)
    AD7606_Channel_Data                      0x20000012   Data           2  bsp_ad7606.o(.data)
    htim1                                    0x20000018   Data          72  tim.o(.bss)
    huart1                                   0x20000060   Data          72  usart.o(.bss)
    huart3                                   0x200000a8   Data          72  usart.o(.bss)
    hdma_usart1_rx                           0x200000f0   Data          96  usart.o(.bss)
    __libspace_start                         0x20000204   Data          96  libspace.o(.bss)
    __temporary_stack_top$libspace           0x20000264   Data           0  libspace.o(.bss)



==============================================================================

Memory Map of the image

  Image Entry point : 0x08000189

  Load Region LR_IROM1 (Base: 0x08000000, Size: 0x00004434, Max: 0x00100000, ABSOLUTE)

    Execution Region ER_IROM1 (Exec base: 0x08000000, Load base: 0x08000000, Size: 0x0000441c, Max: 0x00100000, ABSOLUTE)

    Exec Addr    Load Addr    Size         Type   Attr      Idx    E Section Name        Object

    0x08000000   0x08000000   0x00000188   Data   RO            3    RESET               startup_stm32f407xx.o
    0x08000188   0x08000188   0x00000008   Code   RO         3154  * !!!main             c_w.l(__main.o)
    0x08000190   0x08000190   0x00000034   Code   RO         3468    !!!scatter          c_w.l(__scatter.o)
    0x080001c4   0x080001c4   0x0000001a   Code   RO         3470    !!handler_copy      c_w.l(__scatter_copy.o)
    0x080001de   0x080001de   0x00000002   PAD
    0x080001e0   0x080001e0   0x0000001c   Code   RO         3472    !!handler_zi        c_w.l(__scatter_zi.o)
    0x080001fc   0x080001fc   0x00000000   Code   RO         3149    .ARM.Collect$$_printf_percent$$00000000  c_w.l(_printf_percent.o)
    0x080001fc   0x080001fc   0x00000006   Code   RO         3216    .ARM.Collect$$_printf_percent$$00000001  c_w.l(_printf_n.o)
    0x08000202   0x08000202   0x00000006   Code   RO         3218    .ARM.Collect$$_printf_percent$$00000002  c_w.l(_printf_p.o)
    0x08000208   0x08000208   0x00000006   Code   RO         3148    .ARM.Collect$$_printf_percent$$00000003  c_w.l(_printf_f.o)
    0x0800020e   0x0800020e   0x00000006   Code   RO         3223    .ARM.Collect$$_printf_percent$$00000004  c_w.l(_printf_e.o)
    0x08000214   0x08000214   0x00000006   Code   RO         3224    .ARM.Collect$$_printf_percent$$00000005  c_w.l(_printf_g.o)
    0x0800021a   0x0800021a   0x00000006   Code   RO         3225    .ARM.Collect$$_printf_percent$$00000006  c_w.l(_printf_a.o)
    0x08000220   0x08000220   0x0000000a   Code   RO         3230    .ARM.Collect$$_printf_percent$$00000007  c_w.l(_printf_ll.o)
    0x0800022a   0x0800022a   0x00000006   Code   RO         3220    .ARM.Collect$$_printf_percent$$00000008  c_w.l(_printf_i.o)
    0x08000230   0x08000230   0x00000006   Code   RO         3221    .ARM.Collect$$_printf_percent$$00000009  c_w.l(_printf_d.o)
    0x08000236   0x08000236   0x00000006   Code   RO         3222    .ARM.Collect$$_printf_percent$$0000000A  c_w.l(_printf_u.o)
    0x0800023c   0x0800023c   0x00000006   Code   RO         3219    .ARM.Collect$$_printf_percent$$0000000B  c_w.l(_printf_o.o)
    0x08000242   0x08000242   0x00000006   Code   RO         3217    .ARM.Collect$$_printf_percent$$0000000C  c_w.l(_printf_x.o)
    0x08000248   0x08000248   0x00000006   Code   RO         3227    .ARM.Collect$$_printf_percent$$0000000D  c_w.l(_printf_lli.o)
    0x0800024e   0x0800024e   0x00000006   Code   RO         3228    .ARM.Collect$$_printf_percent$$0000000E  c_w.l(_printf_lld.o)
    0x08000254   0x08000254   0x00000006   Code   RO         3229    .ARM.Collect$$_printf_percent$$0000000F  c_w.l(_printf_llu.o)
    0x0800025a   0x0800025a   0x00000006   Code   RO         3234    .ARM.Collect$$_printf_percent$$00000010  c_w.l(_printf_llo.o)
    0x08000260   0x08000260   0x00000006   Code   RO         3235    .ARM.Collect$$_printf_percent$$00000011  c_w.l(_printf_llx.o)
    0x08000266   0x08000266   0x0000000a   Code   RO         3231    .ARM.Collect$$_printf_percent$$00000012  c_w.l(_printf_l.o)
    0x08000270   0x08000270   0x00000006   Code   RO         3215    .ARM.Collect$$_printf_percent$$00000013  c_w.l(_printf_c.o)
    0x08000276   0x08000276   0x00000006   Code   RO         3147    .ARM.Collect$$_printf_percent$$00000014  c_w.l(_printf_s.o)
    0x0800027c   0x0800027c   0x00000006   Code   RO         3232    .ARM.Collect$$_printf_percent$$00000015  c_w.l(_printf_lc.o)
    0x08000282   0x08000282   0x00000006   Code   RO         3233    .ARM.Collect$$_printf_percent$$00000016  c_w.l(_printf_ls.o)
    0x08000288   0x08000288   0x00000004   Code   RO         3226    .ARM.Collect$$_printf_percent$$00000017  c_w.l(_printf_percent_end.o)
    0x0800028c   0x0800028c   0x00000002   Code   RO         3336    .ARM.Collect$$libinit$$00000000  c_w.l(libinit.o)
    0x0800028e   0x0800028e   0x00000004   Code   RO         3337    .ARM.Collect$$libinit$$00000001  c_w.l(libinit2.o)
    0x08000292   0x08000292   0x00000000   Code   RO         3340    .ARM.Collect$$libinit$$00000004  c_w.l(libinit2.o)
    0x08000292   0x08000292   0x00000000   Code   RO         3343    .ARM.Collect$$libinit$$0000000A  c_w.l(libinit2.o)
    0x08000292   0x08000292   0x00000000   Code   RO         3345    .ARM.Collect$$libinit$$0000000C  c_w.l(libinit2.o)
    0x08000292   0x08000292   0x00000000   Code   RO         3347    .ARM.Collect$$libinit$$0000000E  c_w.l(libinit2.o)
    0x08000292   0x08000292   0x00000006   Code   RO         3348    .ARM.Collect$$libinit$$0000000F  c_w.l(libinit2.o)
    0x08000298   0x08000298   0x00000000   Code   RO         3350    .ARM.Collect$$libinit$$00000011  c_w.l(libinit2.o)
    0x08000298   0x08000298   0x0000000c   Code   RO         3351    .ARM.Collect$$libinit$$00000012  c_w.l(libinit2.o)
    0x080002a4   0x080002a4   0x00000000   Code   RO         3352    .ARM.Collect$$libinit$$00000013  c_w.l(libinit2.o)
    0x080002a4   0x080002a4   0x00000000   Code   RO         3354    .ARM.Collect$$libinit$$00000015  c_w.l(libinit2.o)
    0x080002a4   0x080002a4   0x0000000a   Code   RO         3355    .ARM.Collect$$libinit$$00000016  c_w.l(libinit2.o)
    0x080002ae   0x080002ae   0x00000000   Code   RO         3356    .ARM.Collect$$libinit$$00000017  c_w.l(libinit2.o)
    0x080002ae   0x080002ae   0x00000000   Code   RO         3358    .ARM.Collect$$libinit$$00000019  c_w.l(libinit2.o)
    0x080002ae   0x080002ae   0x00000000   Code   RO         3360    .ARM.Collect$$libinit$$0000001B  c_w.l(libinit2.o)
    0x080002ae   0x080002ae   0x00000000   Code   RO         3362    .ARM.Collect$$libinit$$0000001D  c_w.l(libinit2.o)
    0x080002ae   0x080002ae   0x00000000   Code   RO         3364    .ARM.Collect$$libinit$$0000001F  c_w.l(libinit2.o)
    0x080002ae   0x080002ae   0x00000000   Code   RO         3366    .ARM.Collect$$libinit$$00000021  c_w.l(libinit2.o)
    0x080002ae   0x080002ae   0x00000000   Code   RO         3368    .ARM.Collect$$libinit$$00000023  c_w.l(libinit2.o)
    0x080002ae   0x080002ae   0x00000000   Code   RO         3370    .ARM.Collect$$libinit$$00000025  c_w.l(libinit2.o)
    0x080002ae   0x080002ae   0x00000000   Code   RO         3374    .ARM.Collect$$libinit$$0000002C  c_w.l(libinit2.o)
    0x080002ae   0x080002ae   0x00000000   Code   RO         3376    .ARM.Collect$$libinit$$0000002E  c_w.l(libinit2.o)
    0x080002ae   0x080002ae   0x00000000   Code   RO         3378    .ARM.Collect$$libinit$$00000030  c_w.l(libinit2.o)
    0x080002ae   0x080002ae   0x00000000   Code   RO         3380    .ARM.Collect$$libinit$$00000032  c_w.l(libinit2.o)
    0x080002ae   0x080002ae   0x00000002   Code   RO         3381    .ARM.Collect$$libinit$$00000033  c_w.l(libinit2.o)
    0x080002b0   0x080002b0   0x00000002   Code   RO         3431    .ARM.Collect$$libshutdown$$00000000  c_w.l(libshutdown.o)
    0x080002b2   0x080002b2   0x00000000   Code   RO         3449    .ARM.Collect$$libshutdown$$00000002  c_w.l(libshutdown2.o)
    0x080002b2   0x080002b2   0x00000000   Code   RO         3451    .ARM.Collect$$libshutdown$$00000004  c_w.l(libshutdown2.o)
    0x080002b2   0x080002b2   0x00000000   Code   RO         3453    .ARM.Collect$$libshutdown$$00000006  c_w.l(libshutdown2.o)
    0x080002b2   0x080002b2   0x00000000   Code   RO         3456    .ARM.Collect$$libshutdown$$00000009  c_w.l(libshutdown2.o)
    0x080002b2   0x080002b2   0x00000000   Code   RO         3459    .ARM.Collect$$libshutdown$$0000000C  c_w.l(libshutdown2.o)
    0x080002b2   0x080002b2   0x00000000   Code   RO         3461    .ARM.Collect$$libshutdown$$0000000E  c_w.l(libshutdown2.o)
    0x080002b2   0x080002b2   0x00000000   Code   RO         3464    .ARM.Collect$$libshutdown$$00000011  c_w.l(libshutdown2.o)
    0x080002b2   0x080002b2   0x00000002   Code   RO         3465    .ARM.Collect$$libshutdown$$00000012  c_w.l(libshutdown2.o)
    0x080002b4   0x080002b4   0x00000000   Code   RO         3160    .ARM.Collect$$rtentry$$00000000  c_w.l(__rtentry.o)
    0x080002b4   0x080002b4   0x00000000   Code   RO         3248    .ARM.Collect$$rtentry$$00000002  c_w.l(__rtentry2.o)
    0x080002b4   0x080002b4   0x00000006   Code   RO         3260    .ARM.Collect$$rtentry$$00000004  c_w.l(__rtentry4.o)
    0x080002ba   0x080002ba   0x00000000   Code   RO         3250    .ARM.Collect$$rtentry$$00000009  c_w.l(__rtentry2.o)
    0x080002ba   0x080002ba   0x00000004   Code   RO         3251    .ARM.Collect$$rtentry$$0000000A  c_w.l(__rtentry2.o)
    0x080002be   0x080002be   0x00000000   Code   RO         3253    .ARM.Collect$$rtentry$$0000000C  c_w.l(__rtentry2.o)
    0x080002be   0x080002be   0x00000008   Code   RO         3254    .ARM.Collect$$rtentry$$0000000D  c_w.l(__rtentry2.o)
    0x080002c6   0x080002c6   0x00000002   Code   RO         3382    .ARM.Collect$$rtexit$$00000000  c_w.l(rtexit.o)
    0x080002c8   0x080002c8   0x00000000   Code   RO         3400    .ARM.Collect$$rtexit$$00000002  c_w.l(rtexit2.o)
    0x080002c8   0x080002c8   0x00000004   Code   RO         3401    .ARM.Collect$$rtexit$$00000003  c_w.l(rtexit2.o)
    0x080002cc   0x080002cc   0x00000006   Code   RO         3402    .ARM.Collect$$rtexit$$00000004  c_w.l(rtexit2.o)
    0x080002d2   0x080002d2   0x00000002   PAD
    0x080002d4   0x080002d4   0x00000040   Code   RO            4    .text               startup_stm32f407xx.o
    0x08000314   0x08000314   0x000000ee   Code   RO         3115    .text               c_w.l(lludivv7m.o)
    0x08000402   0x08000402   0x00000002   PAD
    0x08000404   0x08000404   0x00000034   Code   RO         3117    .text               c_w.l(vsnprintf.o)
    0x08000438   0x08000438   0x00000038   Code   RO         3119    .text               c_w.l(__2snprintf.o)
    0x08000470   0x08000470   0x00000052   Code   RO         3125    .text               c_w.l(_printf_str.o)
    0x080004c2   0x080004c2   0x00000002   PAD
    0x080004c4   0x080004c4   0x00000188   Code   RO         3144    .text               c_w.l(__printf_flags_ss_wp.o)
    0x0800064c   0x0800064c   0x0000004e   Code   RO         3150    .text               c_w.l(rt_memclr_w.o)
    0x0800069a   0x0800069a   0x00000006   Code   RO         3152    .text               c_w.l(heapauxi.o)
    0x080006a0   0x080006a0   0x0000004e   Code   RO         3165    .text               c_w.l(_printf_pad.o)
    0x080006ee   0x080006ee   0x00000024   Code   RO         3167    .text               c_w.l(_printf_truncate.o)
    0x08000712   0x08000712   0x00000002   PAD
    0x08000714   0x08000714   0x00000078   Code   RO         3169    .text               c_w.l(_printf_dec.o)
    0x0800078c   0x0800078c   0x00000028   Code   RO         3171    .text               c_w.l(_printf_charcount.o)
    0x080007b4   0x080007b4   0x0000041e   Code   RO         3173    .text               c_w.l(_printf_fp_dec.o)
    0x08000bd2   0x08000bd2   0x00000002   PAD
    0x08000bd4   0x08000bd4   0x00000030   Code   RO         3175    .text               c_w.l(_printf_char_common.o)
    0x08000c04   0x08000c04   0x0000000a   Code   RO         3177    .text               c_w.l(_sputc.o)
    0x08000c0e   0x08000c0e   0x00000010   Code   RO         3179    .text               c_w.l(_snputc.o)
    0x08000c1e   0x08000c1e   0x0000002c   Code   RO         3181    .text               c_w.l(_printf_char.o)
    0x08000c4a   0x08000c4a   0x00000002   PAD
    0x08000c4c   0x08000c4c   0x000000bc   Code   RO         3183    .text               c_w.l(_printf_wctomb.o)
    0x08000d08   0x08000d08   0x0000007c   Code   RO         3186    .text               c_w.l(_printf_longlong_dec.o)
    0x08000d84   0x08000d84   0x00000070   Code   RO         3192    .text               c_w.l(_printf_oct_int_ll.o)
    0x08000df4   0x08000df4   0x00000094   Code   RO         3212    .text               c_w.l(_printf_hex_int_ll_ptr.o)
    0x08000e88   0x08000e88   0x00000008   Code   RO         3267    .text               c_w.l(rt_locale_intlibspace.o)
    0x08000e90   0x08000e90   0x0000008a   Code   RO         3269    .text               c_w.l(lludiv10.o)
    0x08000f1a   0x08000f1a   0x000000b2   Code   RO         3271    .text               c_w.l(_printf_intcommon.o)
    0x08000fcc   0x08000fcc   0x000002fc   Code   RO         3273    .text               c_w.l(_printf_fp_hex.o)
    0x080012c8   0x080012c8   0x00000080   Code   RO         3276    .text               c_w.l(_printf_fp_infnan.o)
    0x08001348   0x08001348   0x0000002c   Code   RO         3280    .text               c_w.l(_printf_wchar.o)
    0x08001374   0x08001374   0x000000e4   Code   RO         3282    .text               c_w.l(bigflt0.o)
    0x08001458   0x08001458   0x00000040   Code   RO         3307    .text               c_w.l(_wcrtomb.o)
    0x08001498   0x08001498   0x00000008   Code   RO         3316    .text               c_w.l(libspace.o)
    0x080014a0   0x080014a0   0x0000004a   Code   RO         3319    .text               c_w.l(sys_stackheap_outer.o)
    0x080014ea   0x080014ea   0x00000002   PAD
    0x080014ec   0x080014ec   0x00000010   Code   RO         3321    .text               c_w.l(rt_ctype_table.o)
    0x080014fc   0x080014fc   0x00000012   Code   RO         3323    .text               c_w.l(exit.o)
    0x0800150e   0x0800150e   0x00000002   PAD
    0x08001510   0x08001510   0x00000080   Code   RO         3329    .text               c_w.l(strcmpv7m.o)
    0x08001590   0x08001590   0x0000000c   Code   RO         3397    .text               c_w.l(sys_exit.o)
    0x0800159c   0x0800159c   0x00000002   Code   RO         3418    .text               c_w.l(use_no_semi.o)
    0x0800159e   0x0800159e   0x00000000   Code   RO         3420    .text               c_w.l(indicate_semi.o)
    0x0800159e   0x0800159e   0x0000003e   Code   RO         3285    CL$$btod_d2e        c_w.l(btod.o)
    0x080015dc   0x080015dc   0x00000046   Code   RO         3287    CL$$btod_d2e_denorm_low  c_w.l(btod.o)
    0x08001622   0x08001622   0x00000060   Code   RO         3286    CL$$btod_d2e_norm_op1  c_w.l(btod.o)
    0x08001682   0x08001682   0x00000338   Code   RO         3295    CL$$btod_div_common  c_w.l(btod.o)
    0x080019ba   0x080019ba   0x000000dc   Code   RO         3292    CL$$btod_e2e        c_w.l(btod.o)
    0x08001a96   0x08001a96   0x0000002a   Code   RO         3289    CL$$btod_ediv       c_w.l(btod.o)
    0x08001ac0   0x08001ac0   0x0000002a   Code   RO         3288    CL$$btod_emul       c_w.l(btod.o)
    0x08001aea   0x08001aea   0x00000244   Code   RO         3294    CL$$btod_mult_common  c_w.l(btod.o)
    0x08001d2e   0x08001d2e   0x00000002   PAD
    0x08001d30   0x08001d30   0x00000040   Code   RO         2982    i.AD7606_Init       bsp_ad7606.o
    0x08001d70   0x08001d70   0x00000040   Code   RO         2983    i.AD7606_RESET      bsp_ad7606.o
    0x08001db0   0x08001db0   0x0000007c   Code   RO         2984    i.AD7606_SETOS      bsp_ad7606.o
    0x08001e2c   0x08001e2c   0x00000004   Code   RO         3051    i.App_Main_Process_Poll  app_proccess.o
    0x08001e30   0x08001e30   0x00000002   Code   RO          340    i.BusFault_Handler  stm32f4xx_it.o
    0x08001e32   0x08001e32   0x00000002   PAD
    0x08001e34   0x08001e34   0x0000000c   Code   RO          341    i.DMA2_Stream2_IRQHandler  stm32f4xx_it.o
    0x08001e40   0x08001e40   0x00000028   Code   RO          917    i.DMA_CalcBaseAndBitshift  stm32f4xx_hal_dma.o
    0x08001e68   0x08001e68   0x00000054   Code   RO          918    i.DMA_CheckFifoParam  stm32f4xx_hal_dma.o
    0x08001ebc   0x08001ebc   0x00000002   Code   RO          342    i.DebugMon_Handler  stm32f4xx_it.o
    0x08001ebe   0x08001ebe   0x00000002   PAD
    0x08001ec0   0x08001ec0   0x00000030   Code   RO         3052    i.Debug_printf      app_proccess.o
    0x08001ef0   0x08001ef0   0x0000000a   Code   RO         2985    i.Delay_u32         bsp_ad7606.o
    0x08001efa   0x08001efa   0x00000006   Code   RO          343    i.EXTI3_IRQHandler  stm32f4xx_it.o
    0x08001f00   0x08001f00   0x00000004   Code   RO           13    i.Error_Handler     main.o
    0x08001f04   0x08001f04   0x00000092   Code   RO          920    i.HAL_DMA_Abort     stm32f4xx_hal_dma.o
    0x08001f96   0x08001f96   0x00000024   Code   RO          921    i.HAL_DMA_Abort_IT  stm32f4xx_hal_dma.o
    0x08001fba   0x08001fba   0x00000002   PAD
    0x08001fbc   0x08001fbc   0x000001a0   Code   RO          925    i.HAL_DMA_IRQHandler  stm32f4xx_hal_dma.o
    0x0800215c   0x0800215c   0x000000d4   Code   RO          926    i.HAL_DMA_Init      stm32f4xx_hal_dma.o
    0x08002230   0x08002230   0x00000024   Code   RO         1357    i.HAL_Delay         stm32f4xx_hal.o
    0x08002254   0x08002254   0x00000084   Code   RO         2986    i.HAL_GPIO_EXTI_Callback  bsp_ad7606.o
    0x080022d8   0x080022d8   0x00000018   Code   RO          812    i.HAL_GPIO_EXTI_IRQHandler  stm32f4xx_hal_gpio.o
    0x080022f0   0x080022f0   0x000001f0   Code   RO          813    i.HAL_GPIO_Init     stm32f4xx_hal_gpio.o
    0x080024e0   0x080024e0   0x0000000a   Code   RO          815    i.HAL_GPIO_ReadPin  stm32f4xx_hal_gpio.o
    0x080024ea   0x080024ea   0x0000000a   Code   RO          817    i.HAL_GPIO_WritePin  stm32f4xx_hal_gpio.o
    0x080024f4   0x080024f4   0x0000000c   Code   RO         1363    i.HAL_GetTick       stm32f4xx_hal.o
    0x08002500   0x08002500   0x00000010   Code   RO         1369    i.HAL_IncTick       stm32f4xx_hal.o
    0x08002510   0x08002510   0x00000034   Code   RO         1370    i.HAL_Init          stm32f4xx_hal.o
    0x08002544   0x08002544   0x00000040   Code   RO         1371    i.HAL_InitTick      stm32f4xx_hal.o
    0x08002584   0x08002584   0x00000030   Code   RO          434    i.HAL_MspInit       stm32f4xx_hal_msp.o
    0x080025b4   0x080025b4   0x0000001a   Code   RO         1205    i.HAL_NVIC_EnableIRQ  stm32f4xx_hal_cortex.o
    0x080025ce   0x080025ce   0x00000002   PAD
    0x080025d0   0x080025d0   0x00000040   Code   RO         1211    i.HAL_NVIC_SetPriority  stm32f4xx_hal_cortex.o
    0x08002610   0x08002610   0x00000024   Code   RO         1212    i.HAL_NVIC_SetPriorityGrouping  stm32f4xx_hal_cortex.o
    0x08002634   0x08002634   0x00000134   Code   RO          459    i.HAL_RCC_ClockConfig  stm32f4xx_hal_rcc.o
    0x08002768   0x08002768   0x00000020   Code   RO          466    i.HAL_RCC_GetPCLK1Freq  stm32f4xx_hal_rcc.o
    0x08002788   0x08002788   0x00000020   Code   RO          467    i.HAL_RCC_GetPCLK2Freq  stm32f4xx_hal_rcc.o
    0x080027a8   0x080027a8   0x00000064   Code   RO          468    i.HAL_RCC_GetSysClockFreq  stm32f4xx_hal_rcc.o
    0x0800280c   0x0800280c   0x0000036c   Code   RO          471    i.HAL_RCC_OscConfig  stm32f4xx_hal_rcc.o
    0x08002b78   0x08002b78   0x00000028   Code   RO         1216    i.HAL_SYSTICK_Config  stm32f4xx_hal_cortex.o
    0x08002ba0   0x08002ba0   0x00000054   Code   RO         2317    i.HAL_TIMEx_ConfigBreakDeadTime  stm32f4xx_hal_tim_ex.o
    0x08002bf4   0x08002bf4   0x00000090   Code   RO         2333    i.HAL_TIMEx_MasterConfigSynchronization  stm32f4xx_hal_tim_ex.o
    0x08002c84   0x08002c84   0x0000005a   Code   RO         1610    i.HAL_TIM_Base_Init  stm32f4xx_hal_tim.o
    0x08002cde   0x08002cde   0x00000002   PAD
    0x08002ce0   0x08002ce0   0x00000028   Code   RO          245    i.HAL_TIM_Base_MspInit  tim.o
    0x08002d08   0x08002d08   0x000000dc   Code   RO         1619    i.HAL_TIM_ConfigClockSource  stm32f4xx_hal_tim.o
    0x08002de4   0x08002de4   0x0000007c   Code   RO          246    i.HAL_TIM_MspPostInit  tim.o
    0x08002e60   0x08002e60   0x000000cc   Code   RO         1682    i.HAL_TIM_PWM_ConfigChannel  stm32f4xx_hal_tim.o
    0x08002f2c   0x08002f2c   0x0000005a   Code   RO         1685    i.HAL_TIM_PWM_Init  stm32f4xx_hal_tim.o
    0x08002f86   0x08002f86   0x00000002   Code   RO         1687    i.HAL_TIM_PWM_MspInit  stm32f4xx_hal_tim.o
    0x08002f88   0x08002f88   0x000000c8   Code   RO         1690    i.HAL_TIM_PWM_Start  stm32f4xx_hal_tim.o
    0x08003050   0x08003050   0x00000002   Code   RO         2593    i.HAL_UARTEx_RxEventCallback  stm32f4xx_hal_uart.o
    0x08003052   0x08003052   0x00000002   Code   RO         2607    i.HAL_UART_ErrorCallback  stm32f4xx_hal_uart.o
    0x08003054   0x08003054   0x00000280   Code   RO         2610    i.HAL_UART_IRQHandler  stm32f4xx_hal_uart.o
    0x080032d4   0x080032d4   0x00000064   Code   RO         2611    i.HAL_UART_Init     stm32f4xx_hal_uart.o
    0x08003338   0x08003338   0x000000f4   Code   RO          293    i.HAL_UART_MspInit  usart.o
    0x0800342c   0x0800342c   0x0000001c   Code   RO         2616    i.HAL_UART_Receive_IT  stm32f4xx_hal_uart.o
    0x08003448   0x08003448   0x00000002   Code   RO         2617    i.HAL_UART_RxCpltCallback  stm32f4xx_hal_uart.o
    0x0800344a   0x0800344a   0x000000a0   Code   RO         2619    i.HAL_UART_Transmit  stm32f4xx_hal_uart.o
    0x080034ea   0x080034ea   0x00000002   Code   RO         2622    i.HAL_UART_TxCpltCallback  stm32f4xx_hal_uart.o
    0x080034ec   0x080034ec   0x00000014   Code   RO         3053    i.HMI_Process_Init  app_proccess.o
    0x08003500   0x08003500   0x00000030   Code   RO         3054    i.HMI_Send_Cmd      app_proccess.o
    0x08003530   0x08003530   0x00000040   Code   RO         3055    i.HMI_Update_FloatText  app_proccess.o
    0x08003570   0x08003570   0x00000002   Code   RO          344    i.HardFault_Handler  stm32f4xx_it.o
    0x08003572   0x08003572   0x00000002   PAD
    0x08003574   0x08003574   0x0000002c   Code   RO          220    i.MX_DMA_Init       dma.o
    0x080035a0   0x080035a0   0x00000134   Code   RO          196    i.MX_GPIO_Init      gpio.o
    0x080036d4   0x080036d4   0x000000dc   Code   RO          247    i.MX_TIM1_Init      tim.o
    0x080037b0   0x080037b0   0x00000038   Code   RO          294    i.MX_USART1_UART_Init  usart.o
    0x080037e8   0x080037e8   0x00000038   Code   RO          295    i.MX_USART3_UART_Init  usart.o
    0x08003820   0x08003820   0x00000002   Code   RO          345    i.MemManage_Handler  stm32f4xx_it.o
    0x08003822   0x08003822   0x00000002   Code   RO          346    i.NMI_Handler       stm32f4xx_it.o
    0x08003824   0x08003824   0x00000002   Code   RO          347    i.PendSV_Handler    stm32f4xx_it.o
    0x08003826   0x08003826   0x00000002   Code   RO          348    i.SVC_Handler       stm32f4xx_it.o
    0x08003828   0x08003828   0x00000004   Code   RO          349    i.SysTick_Handler   stm32f4xx_it.o
    0x0800382c   0x0800382c   0x00000094   Code   RO           14    i.SystemClock_Config  main.o
    0x080038c0   0x080038c0   0x00000010   Code   RO         2945    i.SystemInit        system_stm32f4xx.o
    0x080038d0   0x080038d0   0x000000d0   Code   RO         1703    i.TIM_Base_SetConfig  stm32f4xx_hal_tim.o
    0x080039a0   0x080039a0   0x0000001a   Code   RO         1704    i.TIM_CCxChannelCmd  stm32f4xx_hal_tim.o
    0x080039ba   0x080039ba   0x00000014   Code   RO         1714    i.TIM_ETR_SetConfig  stm32f4xx_hal_tim.o
    0x080039ce   0x080039ce   0x00000010   Code   RO         1715    i.TIM_ITRx_SetConfig  stm32f4xx_hal_tim.o
    0x080039de   0x080039de   0x00000002   PAD
    0x080039e0   0x080039e0   0x00000060   Code   RO         1716    i.TIM_OC1_SetConfig  stm32f4xx_hal_tim.o
    0x08003a40   0x08003a40   0x0000006c   Code   RO         1717    i.TIM_OC2_SetConfig  stm32f4xx_hal_tim.o
    0x08003aac   0x08003aac   0x00000068   Code   RO         1718    i.TIM_OC3_SetConfig  stm32f4xx_hal_tim.o
    0x08003b14   0x08003b14   0x00000050   Code   RO         1719    i.TIM_OC4_SetConfig  stm32f4xx_hal_tim.o
    0x08003b64   0x08003b64   0x00000022   Code   RO         1721    i.TIM_TI1_ConfigInputStage  stm32f4xx_hal_tim.o
    0x08003b86   0x08003b86   0x00000024   Code   RO         1723    i.TIM_TI2_ConfigInputStage  stm32f4xx_hal_tim.o
    0x08003baa   0x08003baa   0x00000002   PAD
    0x08003bac   0x08003bac   0x000000d8   Code   RO         3056    i.Task_HMI_Display_Update  app_proccess.o
    0x08003c84   0x08003c84   0x0000000e   Code   RO         2624    i.UART_DMAAbortOnError  stm32f4xx_hal_uart.o
    0x08003c92   0x08003c92   0x0000004e   Code   RO         2634    i.UART_EndRxTransfer  stm32f4xx_hal_uart.o
    0x08003ce0   0x08003ce0   0x000000c2   Code   RO         2636    i.UART_Receive_IT   stm32f4xx_hal_uart.o
    0x08003da2   0x08003da2   0x00000002   PAD
    0x08003da4   0x08003da4   0x0000010c   Code   RO         2637    i.UART_SetConfig    stm32f4xx_hal_uart.o
    0x08003eb0   0x08003eb0   0x00000036   Code   RO         2639    i.UART_Start_Receive_IT  stm32f4xx_hal_uart.o
    0x08003ee6   0x08003ee6   0x00000072   Code   RO         2640    i.UART_WaitOnFlagUntilTimeout  stm32f4xx_hal_uart.o
    0x08003f58   0x08003f58   0x0000000c   Code   RO          350    i.USART1_IRQHandler  stm32f4xx_it.o
    0x08003f64   0x08003f64   0x00000002   Code   RO          351    i.UsageFault_Handler  stm32f4xx_it.o
    0x08003f66   0x08003f66   0x00000030   Code   RO         3314    i.__ARM_fpclassify  m_wm.l(fpclassify.o)
    0x08003f96   0x08003f96   0x00000020   Code   RO         1218    i.__NVIC_SetPriority  stm32f4xx_hal_cortex.o
    0x08003fb6   0x08003fb6   0x0000000e   Code   RO         3137    i._is_digit         c_w.l(__printf_wp.o)
    0x08003fc4   0x08003fc4   0x00000094   Code   RO           15    i.main              main.o
    0x08004058   0x08004058   0x0000002c   Code   RO         3310    locale$$code        c_w.l(lc_numeric_c.o)
    0x08004084   0x08004084   0x0000002c   Code   RO         3387    locale$$code        c_w.l(lc_ctype_c.o)
    0x080040b0   0x080040b0   0x0000000c   Code   RO         3236    x$fpl$dretinf       fz_wm.l(dretinf.o)
    0x080040bc   0x080040bc   0x00000056   Code   RO         3156    x$fpl$f2d           fz_wm.l(f2d.o)
    0x08004112   0x08004112   0x0000008c   Code   RO         3238    x$fpl$fnaninf       fz_wm.l(fnaninf.o)
    0x0800419e   0x0800419e   0x0000000a   Code   RO         3395    x$fpl$fpinit        fz_wm.l(fpinit.o)
    0x080041a8   0x080041a8   0x00000004   Code   RO         3158    x$fpl$printf1       fz_wm.l(printf1.o)
    0x080041ac   0x080041ac   0x00000004   Code   RO         3240    x$fpl$printf2       fz_wm.l(printf2.o)
    0x080041b0   0x080041b0   0x00000000   Code   RO         3246    x$fpl$usenofp       fz_wm.l(usenofp.o)
    0x080041b0   0x080041b0   0x00000008   Data   RO          932    .constdata          stm32f4xx_hal_dma.o
    0x080041b8   0x080041b8   0x00000010   Data   RO         2946    .constdata          system_stm32f4xx.o
    0x080041c8   0x080041c8   0x00000008   Data   RO         2947    .constdata          system_stm32f4xx.o
    0x080041d0   0x080041d0   0x00000011   Data   RO         3145    .constdata          c_w.l(__printf_flags_ss_wp.o)
    0x080041e1   0x080041e1   0x00000003   PAD
    0x080041e4   0x080041e4   0x00000008   Data   RO         3184    .constdata          c_w.l(_printf_wctomb.o)
    0x080041ec   0x080041ec   0x00000028   Data   RO         3213    .constdata          c_w.l(_printf_hex_int_ll_ptr.o)
    0x08004214   0x08004214   0x00000026   Data   RO         3274    .constdata          c_w.l(_printf_fp_hex.o)
    0x0800423a   0x0800423a   0x00000002   PAD
    0x0800423c   0x0800423c   0x00000094   Data   RO         3283    .constdata          c_w.l(bigflt0.o)
    0x080042d0   0x080042d0   0x00000020   Data   RO         3466    Region$$Table       anon$$obj.o
    0x080042f0   0x080042f0   0x0000001c   Data   RO         3309    locale$$data        c_w.l(lc_numeric_c.o)
    0x0800430c   0x0800430c   0x00000110   Data   RO         3386    locale$$data        c_w.l(lc_ctype_c.o)


    Execution Region RW_IRAM1 (Exec base: 0x20000000, Load base: 0x0800441c, Size: 0x00000868, Max: 0x0001c000, ABSOLUTE)

    Exec Addr    Load Addr    Size         Type   Attr      Idx    E Section Name        Object

    0x20000000   0x0800441c   0x0000000c   Data   RW         1377    .data               stm32f4xx_hal.o
    0x2000000c   0x08004428   0x00000004   Data   RW         2948    .data               system_stm32f4xx.o
    0x20000010   0x0800442c   0x00000004   Data   RW         2987    .data               bsp_ad7606.o
    0x20000014   0x08004430   0x00000004   Data   RW         3058    .data               app_proccess.o
    0x20000018        -       0x00000048   Zero   RW          248    .bss                tim.o
    0x20000060        -       0x000000f0   Zero   RW          296    .bss                usart.o
    0x20000150        -       0x000000b2   Zero   RW         3057    .bss                app_proccess.o
    0x20000202   0x08004434   0x00000002   PAD
    0x20000204        -       0x00000060   Zero   RW         3317    .bss                c_w.l(libspace.o)
    0x20000264   0x08004434   0x00000004   PAD
    0x20000268        -       0x00000200   Zero   RW            2    HEAP                startup_stm32f407xx.o
    0x20000468        -       0x00000400   Zero   RW            1    STACK               startup_stm32f407xx.o


    Execution Region RW_IRAM2 (Exec base: 0x2001c000, Load base: 0x08004434, Size: 0x00000000, Max: 0x00004000, ABSOLUTE)

    **** No section assigned to this execution region ****


==============================================================================

Image component sizes


      Code (inc. data)   RO Data    RW Data    ZI Data      Debug   Object Name

       400        166          0          4        178       5011   app_proccess.o
       394         44          0          4          0       3681   bsp_ad7606.o
        44          4          0          0          0        802   dma.o
       308         20          0          0          0       1091   gpio.o
       300         86          0          0          0     693196   main.o
        64         26        392          0       1536        856   startup_stm32f407xx.o
       180         28          0         12          0       9517   stm32f4xx_hal.o
       198         14          0          0          0      33919   stm32f4xx_hal_cortex.o
       934         16          8          0          0       5715   stm32f4xx_hal_dma.o
       540         52          0          0          0       3550   stm32f4xx_hal_gpio.o
        48          6          0          0          0        886   stm32f4xx_hal_msp.o
      1348         76          0          0          0       5344   stm32f4xx_hal_rcc.o
      1534        108          0          0          0      13320   stm32f4xx_hal_tim.o
       228         28          0          0          0       2240   stm32f4xx_hal_tim_ex.o
      1658         14          0          0          0      12182   stm32f4xx_hal_uart.o
        50         12          0          0          0       5751   stm32f4xx_it.o
        16          4         24          4          0       1171   system_stm32f4xx.o
       384         36          0          0         72       2560   tim.o
       356         44          0          0        240       2582   usart.o

    ----------------------------------------------------------------------
      9002        784        456         24       2028     803374   Object Totals
         0          0         32          0          0          0   (incl. Generated)
        18          0          0          0          2          0   (incl. Padding)

    ----------------------------------------------------------------------

      Code (inc. data)   RO Data    RW Data    ZI Data      Debug   Library Member Name

        56          6          0          0          0         88   __2snprintf.o
         8          0          0          0          0         68   __main.o
       392          4         17          0          0         92   __printf_flags_ss_wp.o
        14          0          0          0          0         68   __printf_wp.o
         0          0          0          0          0          0   __rtentry.o
        12          0          0          0          0          0   __rtentry2.o
         6          0          0          0          0          0   __rtentry4.o
        52          8          0          0          0          0   __scatter.o
        26          0          0          0          0          0   __scatter_copy.o
        28          0          0          0          0          0   __scatter_zi.o
         6          0          0          0          0          0   _printf_a.o
         6          0          0          0          0          0   _printf_c.o
        44          0          0          0          0        108   _printf_char.o
        48          6          0          0          0         96   _printf_char_common.o
        40          0          0          0          0         68   _printf_charcount.o
         6          0          0          0          0          0   _printf_d.o
       120         16          0          0          0         92   _printf_dec.o
         6          0          0          0          0          0   _printf_e.o
         6          0          0          0          0          0   _printf_f.o
      1054          0          0          0          0        216   _printf_fp_dec.o
       764          8         38          0          0        100   _printf_fp_hex.o
       128         16          0          0          0         84   _printf_fp_infnan.o
         6          0          0          0          0          0   _printf_g.o
       148          4         40          0          0        160   _printf_hex_int_ll_ptr.o
         6          0          0          0          0          0   _printf_i.o
       178          0          0          0          0         88   _printf_intcommon.o
        10          0          0          0          0          0   _printf_l.o
         6          0          0          0          0          0   _printf_lc.o
        10          0          0          0          0          0   _printf_ll.o
         6          0          0          0          0          0   _printf_lld.o
         6          0          0          0          0          0   _printf_lli.o
         6          0          0          0          0          0   _printf_llo.o
         6          0          0          0          0          0   _printf_llu.o
         6          0          0          0          0          0   _printf_llx.o
       124         16          0          0          0         92   _printf_longlong_dec.o
         6          0          0          0          0          0   _printf_ls.o
         6          0          0          0          0          0   _printf_n.o
         6          0          0          0          0          0   _printf_o.o
       112         10          0          0          0        124   _printf_oct_int_ll.o
         6          0          0          0          0          0   _printf_p.o
        78          0          0          0          0        108   _printf_pad.o
         0          0          0          0          0          0   _printf_percent.o
         4          0          0          0          0          0   _printf_percent_end.o
         6          0          0          0          0          0   _printf_s.o
        82          0          0          0          0         80   _printf_str.o
        36          0          0          0          0         84   _printf_truncate.o
         6          0          0          0          0          0   _printf_u.o
        44          0          0          0          0        108   _printf_wchar.o
       188          6          8          0          0         92   _printf_wctomb.o
         6          0          0          0          0          0   _printf_x.o
        16          0          0          0          0         68   _snputc.o
        10          0          0          0          0         68   _sputc.o
        64          0          0          0          0         92   _wcrtomb.o
       228          4        148          0          0         96   bigflt0.o
      1936        128          0          0          0        672   btod.o
        18          0          0          0          0         80   exit.o
         6          0          0          0          0        152   heapauxi.o
         0          0          0          0          0          0   indicate_semi.o
        44         10        272          0          0         76   lc_ctype_c.o
        44         10         28          0          0         76   lc_numeric_c.o
         2          0          0          0          0          0   libinit.o
        34          0          0          0          0          0   libinit2.o
         2          0          0          0          0          0   libshutdown.o
         2          0          0          0          0          0   libshutdown2.o
         8          4          0          0         96         68   libspace.o
       138          0          0          0          0         80   lludiv10.o
       238          0          0          0          0        100   lludivv7m.o
        16          4          0          0          0         76   rt_ctype_table.o
         8          4          0          0          0         68   rt_locale_intlibspace.o
        78          0          0          0          0         80   rt_memclr_w.o
         2          0          0          0          0          0   rtexit.o
        10          0          0          0          0          0   rtexit2.o
       128          0          0          0          0         68   strcmpv7m.o
        12          4          0          0          0         68   sys_exit.o
        74          0          0          0          0         80   sys_stackheap_outer.o
         2          0          0          0          0         68   use_no_semi.o
        52          4          0          0          0         80   vsnprintf.o
        12          0          0          0          0        116   dretinf.o
        86          4          0          0          0        132   f2d.o
       140          4          0          0          0        132   fnaninf.o
        10          0          0          0          0        116   fpinit.o
         4          0          0          0          0        116   printf1.o
         4          0          0          0          0        116   printf2.o
         0          0          0          0          0          0   usenofp.o
        48          0          0          0          0        124   fpclassify.o

    ----------------------------------------------------------------------
      7422        280        556          0        100       5084   Library Totals
        20          0          5          0          4          0   (incl. Padding)

    ----------------------------------------------------------------------

      Code (inc. data)   RO Data    RW Data    ZI Data      Debug   Library Name

      7098        272        551          0         96       4232   c_w.l
       256          8          0          0          0        728   fz_wm.l
        48          0          0          0          0        124   m_wm.l

    ----------------------------------------------------------------------
      7422        280        556          0        100       5084   Library Totals

    ----------------------------------------------------------------------

==============================================================================


      Code (inc. data)   RO Data    RW Data    ZI Data      Debug   

     16424       1064       1012         24       2128     796970   Grand Totals
     16424       1064       1012         24       2128     796970   ELF Image Totals
     16424       1064       1012         24          0          0   ROM Totals

==============================================================================

    Total RO  Size (Code + RO Data)                17436 (  17.03kB)
    Total RW  Size (RW Data + ZI Data)              2152 (   2.10kB)
    Total ROM Size (Code + RO Data + RW Data)      17460 (  17.05kB)

==============================================================================

